Archive member included to satisfy reference by file (symbol)

C:/ST/STM32CubeIDE_1.15.1/STM32CubeIDE/plugins/com.st.stm32cube.ide.mcu.externaltools.gnu-tools-for-stm32.12.3.rel1.win32_1.0.100.202403111256/tools/bin/../lib/gcc/arm-none-eabi/12.3.1/../../../../arm-none-eabi/lib/thumb/v7e-m+fp/hard\libc_nano.a(libc_a-exit.o)
                              C:/ST/STM32CubeIDE_1.15.1/STM32CubeIDE/plugins/com.st.stm32cube.ide.mcu.externaltools.gnu-tools-for-stm32.12.3.rel1.win32_1.0.100.202403111256/tools/bin/../lib/gcc/arm-none-eabi/12.3.1/../../../../arm-none-eabi/lib/thumb/v7e-m+fp/hard/crt0.o (exit)
C:/ST/STM32CubeIDE_1.15.1/STM32CubeIDE/plugins/com.st.stm32cube.ide.mcu.externaltools.gnu-tools-for-stm32.12.3.rel1.win32_1.0.100.202403111256/tools/bin/../lib/gcc/arm-none-eabi/12.3.1/../../../../arm-none-eabi/lib/thumb/v7e-m+fp/hard\libc_nano.a(libc_a-findfp.o)
                              ./Middlewares/Third_Party/FreeRTOS/Source/tasks.o (__sf)
C:/ST/STM32CubeIDE_1.15.1/STM32CubeIDE/plugins/com.st.stm32cube.ide.mcu.externaltools.gnu-tools-for-stm32.12.3.rel1.win32_1.0.100.202403111256/tools/bin/../lib/gcc/arm-none-eabi/12.3.1/../../../../arm-none-eabi/lib/thumb/v7e-m+fp/hard\libc_nano.a(libc_a-fwalk.o)
                              C:/ST/STM32CubeIDE_1.15.1/STM32CubeIDE/plugins/com.st.stm32cube.ide.mcu.externaltools.gnu-tools-for-stm32.12.3.rel1.win32_1.0.100.202403111256/tools/bin/../lib/gcc/arm-none-eabi/12.3.1/../../../../arm-none-eabi/lib/thumb/v7e-m+fp/hard\libc_nano.a(libc_a-findfp.o) (_fwalk_sglue)
C:/ST/STM32CubeIDE_1.15.1/STM32CubeIDE/plugins/com.st.stm32cube.ide.mcu.externaltools.gnu-tools-for-stm32.12.3.rel1.win32_1.0.100.202403111256/tools/bin/../lib/gcc/arm-none-eabi/12.3.1/../../../../arm-none-eabi/lib/thumb/v7e-m+fp/hard\libc_nano.a(libc_a-stdio.o)
                              C:/ST/STM32CubeIDE_1.15.1/STM32CubeIDE/plugins/com.st.stm32cube.ide.mcu.externaltools.gnu-tools-for-stm32.12.3.rel1.win32_1.0.100.202403111256/tools/bin/../lib/gcc/arm-none-eabi/12.3.1/../../../../arm-none-eabi/lib/thumb/v7e-m+fp/hard\libc_nano.a(libc_a-findfp.o) (__sread)
C:/ST/STM32CubeIDE_1.15.1/STM32CubeIDE/plugins/com.st.stm32cube.ide.mcu.externaltools.gnu-tools-for-stm32.12.3.rel1.win32_1.0.100.202403111256/tools/bin/../lib/gcc/arm-none-eabi/12.3.1/../../../../arm-none-eabi/lib/thumb/v7e-m+fp/hard\libc_nano.a(libc_a-memset.o)
                              C:/ST/STM32CubeIDE_1.15.1/STM32CubeIDE/plugins/com.st.stm32cube.ide.mcu.externaltools.gnu-tools-for-stm32.12.3.rel1.win32_1.0.100.202403111256/tools/bin/../lib/gcc/arm-none-eabi/12.3.1/../../../../arm-none-eabi/lib/thumb/v7e-m+fp/hard/crt0.o (memset)
C:/ST/STM32CubeIDE_1.15.1/STM32CubeIDE/plugins/com.st.stm32cube.ide.mcu.externaltools.gnu-tools-for-stm32.12.3.rel1.win32_1.0.100.202403111256/tools/bin/../lib/gcc/arm-none-eabi/12.3.1/../../../../arm-none-eabi/lib/thumb/v7e-m+fp/hard\libc_nano.a(libc_a-closer.o)
                              C:/ST/STM32CubeIDE_1.15.1/STM32CubeIDE/plugins/com.st.stm32cube.ide.mcu.externaltools.gnu-tools-for-stm32.12.3.rel1.win32_1.0.100.202403111256/tools/bin/../lib/gcc/arm-none-eabi/12.3.1/../../../../arm-none-eabi/lib/thumb/v7e-m+fp/hard\libc_nano.a(libc_a-stdio.o) (_close_r)
C:/ST/STM32CubeIDE_1.15.1/STM32CubeIDE/plugins/com.st.stm32cube.ide.mcu.externaltools.gnu-tools-for-stm32.12.3.rel1.win32_1.0.100.202403111256/tools/bin/../lib/gcc/arm-none-eabi/12.3.1/../../../../arm-none-eabi/lib/thumb/v7e-m+fp/hard\libc_nano.a(libc_a-reent.o)
                              ./Middlewares/Third_Party/FreeRTOS/Source/tasks.o (_reclaim_reent)
C:/ST/STM32CubeIDE_1.15.1/STM32CubeIDE/plugins/com.st.stm32cube.ide.mcu.externaltools.gnu-tools-for-stm32.12.3.rel1.win32_1.0.100.202403111256/tools/bin/../lib/gcc/arm-none-eabi/12.3.1/../../../../arm-none-eabi/lib/thumb/v7e-m+fp/hard\libc_nano.a(libc_a-impure.o)
                              ./Middlewares/Third_Party/FreeRTOS/Source/tasks.o (_impure_ptr)
C:/ST/STM32CubeIDE_1.15.1/STM32CubeIDE/plugins/com.st.stm32cube.ide.mcu.externaltools.gnu-tools-for-stm32.12.3.rel1.win32_1.0.100.202403111256/tools/bin/../lib/gcc/arm-none-eabi/12.3.1/../../../../arm-none-eabi/lib/thumb/v7e-m+fp/hard\libc_nano.a(libc_a-lseekr.o)
                              C:/ST/STM32CubeIDE_1.15.1/STM32CubeIDE/plugins/com.st.stm32cube.ide.mcu.externaltools.gnu-tools-for-stm32.12.3.rel1.win32_1.0.100.202403111256/tools/bin/../lib/gcc/arm-none-eabi/12.3.1/../../../../arm-none-eabi/lib/thumb/v7e-m+fp/hard\libc_nano.a(libc_a-stdio.o) (_lseek_r)
C:/ST/STM32CubeIDE_1.15.1/STM32CubeIDE/plugins/com.st.stm32cube.ide.mcu.externaltools.gnu-tools-for-stm32.12.3.rel1.win32_1.0.100.202403111256/tools/bin/../lib/gcc/arm-none-eabi/12.3.1/../../../../arm-none-eabi/lib/thumb/v7e-m+fp/hard\libc_nano.a(libc_a-readr.o)
[...]
Memory Configuration

Name             Origin             Length             Attributes
RAM              0x20000000         0x00020000         xrw
FLASH            0x08000000         0x00080000         xr
*default*        0x00000000         0xffffffff

Linker script and memory map

LOAD C:/ST/STM32CubeIDE_1.15.1/STM32CubeIDE/plugins/com.st.stm32cube.ide.mcu.externaltools.gnu-tools-for-stm32.12.3.rel1.win32_1.0.100.202403111256/tools/bin/../lib/gcc/arm-none-eabi/12.3.1/thumb/v7e-m+fp/hard/crti.o
LOAD C:/ST/STM32CubeIDE_1.15.1/STM32CubeIDE/plugins/com.st.stm32cube.ide.mcu.externaltools.gnu-tools-for-stm32.12.3.rel1.win32_1.0.100.202403111256/tools/bin/../lib/gcc/arm-none-eabi/12.3.1/thumb/v7e-m+fp/hard/crtbegin.o
LOAD C:/ST/STM32CubeIDE_1.15.1/STM32CubeIDE/plugins/com.st.stm32cube.ide.mcu.externaltools.gnu-tools-for-stm32.12.3.rel1.win32_1.0.100.202403111256/tools/bin/../lib/gcc/arm-none-eabi/12.3.1/../../../../arm-none-eabi/lib/thumb/v7e-m+fp/hard/crt0.o
LOAD ./Core/Src/freertos.o
LOAD ./Core/Src/main.o
LOAD ./Core/Src/stm32f4xx_hal_msp.o
LOAD ./Core/Src/stm32f4xx_hal_timebase_tim.o
LOAD ./Core/Src/stm32f4xx_it.o
LOAD ./Core/Src/syscalls.o
LOAD ./Core/Src/sysmem.o
LOAD ./Core/Src/system_stm32f4xx.o
LOAD ./Core/Startup/startup_stm32f411ceux.o
LOAD ./Drivers/STM32F4xx_HAL_Driver/Src/stm32f4xx_hal.o
LOAD ./Drivers/STM32F4xx_HAL_Driver/Src/stm32f4xx_hal_cortex.o
LOAD ./Drivers/STM32F4xx_HAL_Driver/Src/stm32f4xx_hal_dma.o
LOAD ./Drivers/STM32F4xx_HAL_Driver/Src/stm32f4xx_hal_dma_ex.o
LOAD ./Drivers/STM32F4xx_HAL_Driver/Src/stm32f4xx_hal_exti.o
LOAD ./Drivers/STM32F4xx_HAL_Driver/Src/stm32f4xx_hal_flash.o
LOAD ./Drivers/STM32F4xx_HAL_Driver/Src/stm32f4xx_hal_flash_ex.o
LOAD ./Drivers/STM32F4xx_HAL_Driver/Src/stm32f4xx_hal_flash_ramfunc.o
LOAD ./Drivers/STM32F4xx_HAL_Driver/Src/stm32f4xx_hal_gpio.o
LOAD ./Drivers/STM32F4xx_HAL_Driver/Src/stm32f4xx_hal_pcd.o
LOAD ./Drivers/STM32F4xx_HAL_Driver/Src/stm32f4xx_hal_pcd_ex.o
LOAD ./Drivers/STM32F4xx_HAL_Driver/Src/stm32f4xx_hal_pwr.o
LOAD ./Drivers/STM32F4xx_HAL_Driver/Src/stm32f4xx_hal_pwr_ex.o
LOAD ./Drivers/STM32F4xx_HAL_Driver/Src/stm32f4xx_hal_rcc.o
LOAD ./Drivers/STM32F4xx_HAL_Driver/Src/stm32f4xx_hal_rcc_ex.o
LOAD ./Drivers/STM32F4xx_HAL_Driver/Src/stm32f4xx_hal_spi.o
LOAD ./Drivers/STM32F4xx_HAL_Driver/Src/stm32f4xx_hal_tim.o
LOAD ./Drivers/STM32F4xx_HAL_Driver/Src/stm32f4xx_hal_tim_ex.o
LOAD ./Drivers/STM32F4xx_HAL_Driver/Src/stm32f4xx_ll_usb.o
LOAD ./Middlewares/ST/STM32_USB_Device_Library/Class/CDC/Src/usbd_cdc.o
LOAD ./Middlewares/ST/STM32_USB_Device_Library/Core/Src/usbd_core.o
LOAD ./Middlewares/ST/STM32_USB_Device_Library/Core/Src/usbd_ctlreq.o
LOAD ./Middlewares/ST/STM32_USB_Device_Library/Core/Src/usbd_ioreq.o
LOAD ./Middlewares/Third_Party/FreeRTOS/Source/CMSIS_RTOS_V2/cmsis_os2.o
LOAD ./Middlewares/Third_Party/FreeRTOS/Source/croutine.o
LOAD ./Middlewares/Third_Party/FreeRTOS/Source/event_groups.o
LOAD ./Middlewares/Third_Party/FreeRTOS/Source/list.o
LOAD ./Middlewares/Third_Party/FreeRTOS/Source/queue.o
LOAD ./Middlewares/Third_Party/FreeRTOS/Source/stream_buffer.o
LOAD ./Middlewares/Third_Party/FreeRTOS/Source/tasks.o
LOAD ./Middlewares/Third_Party/FreeRTOS/Source/timers.o
LOAD ./Middlewares/Third_Party/FreeRTOS/Source/portable/GCC/ARM_CM4F/port.o
LOAD ./Middlewares/Third_Party/FreeRTOS/Source/portable/MemMang/heap_4.o
LOAD ./USB_DEVICE/App/usb_device.o
LOAD ./USB_DEVICE/App/usbd_cdc_if.o
LOAD ./USB_DEVICE/App/usbd_desc.o
LOAD ./USB_DEVICE/Target/usbd_conf.o
START GROUP
LOAD C:/ST/STM32CubeIDE_1.15.1/STM32CubeIDE/plugins/com.st.stm32cube.ide.mcu.externaltools.gnu-tools-for-stm32.12.3.rel1.win32_1.0.100.202403111256/tools/bin/../lib/gcc/arm-none-eabi/12.3.1/../../../../arm-none-eabi/lib/thumb/v7e-m+fp/hard\libc_nano.a
LOAD C:/ST/STM32CubeIDE_1.15.1/STM32CubeIDE/plugins/com.st.stm32cube.ide.mcu.externaltools.gnu-tools-for-stm32.12.3.rel1.win32_1.0.100.202403111256/tools/bin/../lib/gcc/arm-none-eabi/12.3.1/../../../../arm-none-eabi/lib/thumb/v7e-m+fp/hard\libm.a
END GROUP
START GROUP
LOAD C:/ST/STM32CubeIDE_1.15.1/STM32CubeIDE/plugins/com.st.stm32cube.ide.mcu.externaltools.gnu-tools-for-stm32.12.3.rel1.win32_1.0.100.202403111256/tools/bin/../lib/gcc/arm-none-eabi/12.3.1/thumb/v7e-m+fp/hard\libgcc.a
LOAD C:/ST/STM32CubeIDE_1.15.1/STM32CubeIDE/plugins/com.st.stm32cube.ide.mcu.externaltools.gnu-tools-for-stm32.12.3.rel1.win32_1.0.100.202403111256/tools/bin/../lib/gcc/arm-none-eabi/12.3.1/../../../../arm-none-eabi/lib/thumb/v7e-m+fp/hard\libc_nano.a
END GROUP
START GROUP
LOAD C:/ST/STM32CubeIDE_1.15.1/STM32CubeIDE/plugins/com.st.stm32cube.ide.mcu.externaltools.gnu-tools-for-stm32.12.3.rel1.win32_1.0.100.202403111256/tools/bin/../lib/gcc/arm-none-eabi/12.3.1/thumb/v7e-m+fp/hard\libgcc.a
LOAD C:/ST/STM32CubeIDE_1.15.1/STM32CubeIDE/plugins/com.st.stm32cube.ide.mcu.externaltools.gnu-tools-for-stm32.12.3.rel1.win32_1.0.100.202403111256/tools/bin/../lib/gcc/arm-none-eabi/12.3.1/../../../../arm-none-eabi/lib/thumb/v7e-m+fp/hard\libc_nano.a
LOAD C:/ST/STM32CubeIDE_1.15.1/STM32CubeIDE/plugins/com.st.stm32cube.ide.mcu.externaltools.gnu-tools-for-stm32.12.3.rel1.win32_1.0.100.202403111256/tools/bin/../lib/gcc/arm-none-eabi/12.3.1/../../../../arm-none-eabi/lib/thumb/v7e-m+fp/hard\libnosys.a
END GROUP
START GROUP
LOAD C:/ST/STM32CubeIDE_1.15.1/STM32CubeIDE/plugins/com.st.stm32cube.ide.mcu.externaltools.gnu-tools-for-stm32.12.3.rel1.win32_1.0.100.202403111256/tools/bin/../lib/gcc/arm-none-eabi/12.3.1/thumb/v7e-m+fp/hard\libgcc.a
LOAD C:/ST/STM32CubeIDE_1.15.1/STM32CubeIDE/plugins/com.st.stm32cube.ide.mcu.externaltools.gnu-tools-for-stm32.12.3.rel1.win32_1.0.100.202403111256/tools/bin/../lib/gcc/arm-none-eabi/12.3.1/../../../../arm-none-eabi/lib/thumb/v7e-m+fp/hard\libc_nano.a
LOAD C:/ST/STM32CubeIDE_1.15.1/STM32CubeIDE/plugins/com.st.stm32cube.ide.mcu.externaltools.gnu-tools-for-stm32.12.3.rel1.win32_1.0.100.202403111256/tools/bin/../lib/gcc/arm-none-eabi/12.3.1/../../../../arm-none-eabi/lib/thumb/v7e-m+fp/hard\libnosys.a
END GROUP
LOAD C:/ST/STM32CubeIDE_1.15.1/STM32CubeIDE/plugins/com.st.stm32cube.ide.mcu.externaltools.gnu-tools-for-stm32.12.3.rel1.win32_1.0.100.202403111256/tools/bin/../lib/gcc/arm-none-eabi/12.3.1/thumb/v7e-m+fp/hard/crtend.o
LOAD C:/ST/STM32CubeIDE_1.15.1/STM32CubeIDE/plugins/com.st.stm32cube.ide.mcu.externaltools.gnu-tools-for-stm32.12.3.rel1.win32_1.0.100.202403111256/tools/bin/../lib/gcc/arm-none-eabi/12.3.1/thumb/v7e-m+fp/hard/crtn.o
                0x20020000                        _estack = (ORIGIN (RAM) + LENGTH (RAM))
                0x00000200                        _Min_Heap_Size = 0x200
                0x00000400                        _Min_Stack_Size = 0x400

.isr_vector     0x08000000      0x198
                0x08000000                        . = ALIGN (0x4)
 *(.isr_vector)
 .isr_vector    0x08000000      0x198 ./Core/Startup/startup_stm32f411ceux.o
                0x08000000                g_pfnVectors
                0x08000198                        . = ALIGN (0x4)

.text           0x080001a0    0x105f8
                0x080001a0                        . = ALIGN (0x4)
 *(.text)
 .text          0x080001a0       0x40 C:/ST/STM32CubeIDE_1.15.1/STM32CubeIDE/plugins/com.st.stm32cube.ide.mcu.externaltools.gnu-tools-for-stm32.12.3.rel1.win32_1.0.100.202403111256/tools/bin/../lib/gcc/arm-none-eabi/12.3.1/thumb/v7e-m+fp/hard/crtbegin.o
 .text          0x080001e0      0x378 C:/ST/STM32CubeIDE_1.15.1/STM32CubeIDE/plugins/com.st.stm32cube.ide.mcu.externaltools.gnu-tools-for-stm32.12.3.rel1.win32_1.0.100.202403111256/tools/bin/../lib/gcc/arm-none-eabi/12.3.1/thumb/v7e-m+fp/hard\libgcc.a(_arm_addsubdf3.o)
                0x080001e0                __aeabi_drsub
                0x080001e8                __aeabi_dsub
                0x080001e8                __subdf3
                0x080001ec                __aeabi_dadd
                0x080001ec                __adddf3
                0x08000464                __floatunsidf
                0x08000464                __aeabi_ui2d
                0x08000484                __floatsidf
                0x08000484                __aeabi_i2d
                0x080004a8                __aeabi_f2d
                0x080004a8                __extendsfdf2
                0x080004ec                __floatundidf
                0x080004ec                __aeabi_ul2d
                0x080004fc                __floatdidf
                0x080004fc                __aeabi_l2d
 .text          0x08000558      0x424 C:/ST/STM32CubeIDE_1.15.1/STM32CubeIDE/plugins/com.st.stm32cube.ide.mcu.externaltools.gnu-tools-for-stm32.12.3.rel1.win32_1.0.100.202403111256/tools/bin/../lib/gcc/arm-none-eabi/12.3.1/thumb/v7e-m+fp/hard\libgcc.a(_arm_muldivdf3.o)
                0x08000558                __aeabi_dmul
                0x08000558                __muldf3
                0x080007ac                __divdf3
                0x080007ac                __aeabi_ddiv
 .text          0x0800097c      0x110 C:/ST/STM32CubeIDE_1.15.1/STM32CubeIDE/plugins/com.st.stm32cube.ide.mcu.externaltools.gnu-tools-for-stm32.12.3.rel1.win32_1.0.100.202403111256/tools/bin/../lib/gcc/arm-none-eabi/12.3.1/thumb/v7e-m+fp/hard\libgcc.a(_arm_cmpdf2.o)
                0x0800097c                __gtdf2
                0x0800097c                __gedf2
                0x08000984                __ltdf2
                0x08000984                __ledf2
                0x0800098c                __nedf2
                0x0800098c                __eqdf2
                0x0800098c                __cmpdf2
                0x08000a08                __aeabi_cdrcmple
                0x08000a18                __aeabi_cdcmpeq
                0x08000a18                __aeabi_cdcmple
                0x08000a28                __aeabi_dcmpeq
                0x08000a3c                __aeabi_dcmplt
                0x08000a50                __aeabi_dcmple
                0x08000a64                __aeabi_dcmpge
                0x08000a78                __aeabi_dcmpgt
 .text          0x08000a8c       0x2c C:/ST/STM32CubeIDE_1.15.1/STM32CubeIDE/plugins/com.st.stm32cube.ide.mcu.externaltools.gnu-tools-for-stm32.12.3.rel1.win32_1.0.100.202403111256/tools/bin/../lib/gcc/arm-none-eabi/12.3.1/thumb/v7e-m+fp/hard\libgcc.a(_arm_unorddf2.o)
                0x08000a8c                __unorddf2
                0x08000a8c                __aeabi_dcmpun
 .text          0x08000ab8       0x50 C:/ST/STM32CubeIDE_1.15.1/STM32CubeIDE/plugins/com.st.stm32cube.ide.mcu.externaltools.gnu-tools-for-stm32.12.3.rel1.win32_1.0.100.202403111256/tools/bin/../lib/gcc/arm-none-eabi/12.3.1/thumb/v7e-m+fp/hard\libgcc.a(_arm_fixdfsi.o)
                0x08000ab8                __aeabi_d2iz
                0x08000ab8                __fixdfsi
 .text          0x08000b08       0x40 C:/ST/STM32CubeIDE_1.15.1/STM32CubeIDE/plugins/com.st.stm32cube.ide.mcu.externaltools.gnu-tools-for-stm32.12.3.rel1.win32_1.0.100.202403111256/tools/bin/../lib/gcc/arm-none-eabi/12.3.1/thumb/v7e-m+fp/hard\libgcc.a(_arm_fixunsdfsi.o)
                0x08000b08                __aeabi_d2uiz
                0x08000b08                __fixunsdfsi
 .text          0x08000b48       0xa0 C:/ST/STM32CubeIDE_1.15.1/STM32CubeIDE/plugins/com.st.stm32cube.ide.mcu.externaltools.gnu-tools-for-stm32.12.3.rel1.win32_1.0.100.202403111256/tools/bin/../lib/gcc/arm-none-eabi/12.3.1/thumb/v7e-m+fp/hard\libgcc.a(_arm_truncdfsf2.o)
                0x08000b48                __truncdfsf2
                0x08000b48                __aeabi_d2f
 .text          0x08000be8       0x30 C:/ST/STM32CubeIDE_1.15.1/STM32CubeIDE/plugins/com.st.stm32cube.ide.mcu.externaltools.gnu-tools-for-stm32.12.3.rel1.win32_1.0.100.202403111256/tools/bin/../lib/gcc/arm-none-eabi/12.3.1/thumb/v7e-m+fp/hard\libgcc.a(_aeabi_uldivmod.o)
                0x08000be8                __aeabi_uldivmod
 .text          0x08000c18      0x2bc C:/ST/STM32CubeIDE_1.15.1/STM32CubeIDE/plugins/com.st.stm32cube.ide.mcu.externaltools.gnu-tools-for-stm32.12.3.rel1.win32_1.0.100.202403111256/tools/bin/../lib/gcc/arm-none-eabi/12.3.1/thumb/v7e-m+fp/hard\libgcc.a(_udivmoddi4.o)
                0x08000c18                __udivmoddi4
 .text          0x08000ed4        0x4 C:/ST/STM32CubeIDE_1.15.1/STM32CubeIDE/plugins/com.st.stm32cube.ide.mcu.externaltools.gnu-tools-for-stm32.12.3.rel1.win32_1.0.100.202403111256/tools/bin/../lib/gcc/arm-none-eabi/12.3.1/thumb/v7e-m+fp/hard\libgcc.a(_dvmd_tls.o)
                0x08000ed4                __aeabi_idiv0
                0x08000ed4                __aeabi_ldiv0
 *(.text*)
 .text.main     0x08000ed8      0x18c ./Core/Src/main.o
                0x08000ed8                main
 .text.SystemClock_Config
                0x08001064       0xd0 ./Core/Src/main.o
                0x08001064                SystemClock_Config
 .text.MX_SPI1_Init
                0x08001134       0x64 ./Core/Src/main.o
 .text.MX_TIM1_Init
                0x08001198       0xb0 ./Core/Src/main.o
 .text.MX_TIM2_Init
                0x08001248       0xa8 ./Core/Src/main.o
 .text.MX_TIM4_Init
                0x080012f0       0xc8 ./Core/Src/main.o
 .text.MX_DMA_Init
                0x080013b8       0x50 ./Core/Src/main.o
 .text.MX_GPIO_Init
                0x08001408      0x118 ./Core/Src/main.o
 .text.HAL_SPI_TxRxCpltCallback
                0x08001520      0x358 ./Core/Src/main.o
                0x08001520                HAL_SPI_TxRxCpltCallback
 .text.StartDefaultTask
                0x08001878       0x14 ./Core/Src/main.o
                0x08001878                StartDefaultTask
 *fill*         0x0800188c        0x4 
 .text.Start_encoder_control
                0x08001890      0x334 ./Core/Src/main.o
                0x08001890                Start_encoder_control
 .text.Start_odometry_math
                0x08001bc4       0x10 ./Core/Src/main.o
                0x08001bc4                Start_odometry_math
 *fill*         0x08001bd4        0x4 
 .text.Start_preempt_mission
                0x08001bd8      0x1b0 ./Core/Src/main.o
                0x08001bd8                Start_preempt_mission
 .text.Start_symple_command
                0x08001d88      0x1d4 ./Core/Src/main.o
                0x08001d88                Start_symple_command
 .text.Start_goto_coordenates
                0x08001f5c      0x100 ./Core/Src/main.o
                0x08001f5c                Start_goto_coordenates
 *fill*         0x0800205c        0x4 
 .text.Start_goto_angle
                0x08002060      0x534 ./Core/Src/main.o
                0x08002060                Start_goto_angle
 .text.HAL_TIM_PeriodElapsedCallback
                0x08002594       0x24 ./Core/Src/main.o
                0x08002594                HAL_TIM_PeriodElapsedCallback
 .text.Error_Handler
                0x080025b8        0xc ./Core/Src/main.o
                0x080025b8                Error_Handler
 .text.HAL_MspInit
                0x080025c4       0x58 ./Core/Src/stm32f4xx_hal_msp.o
                0x080025c4                HAL_MspInit
 .text.HAL_SPI_MspInit
                0x0800261c      0x19c ./Core/Src/stm32f4xx_hal_msp.o
                0x0800261c                HAL_SPI_MspInit
 .text.HAL_TIM_Encoder_MspInit
                0x080027b8      0x104 ./Core/Src/stm32f4xx_hal_msp.o
                0x080027b8                HAL_TIM_Encoder_MspInit
 .text.HAL_TIM_PWM_MspInit
                0x080028bc       0x44 ./Core/Src/stm32f4xx_hal_msp.o
                0x080028bc                HAL_TIM_PWM_MspInit
 .text.HAL_TIM_MspPostInit
                0x08002900       0x74 ./Core/Src/stm32f4xx_hal_msp.o
                0x08002900                HAL_TIM_MspPostInit
 .text.HAL_InitTick
                0x08002974       0xe4 ./Core/Src/stm32f4xx_hal_timebase_tim.o
                0x08002974                HAL_InitTick
 .text.NMI_Handler
                0x08002a58        0x8 ./Core/Src/stm32f4xx_it.o
                0x08002a58                NMI_Handler
 .text.HardFault_Handler
                0x08002a60        0x8 ./Core/Src/stm32f4xx_it.o
                0x08002a60                HardFault_Handler
 .text.MemManage_Handler
                0x08002a68        0x8 ./Core/Src/stm32f4xx_it.o
                0x08002a68                MemManage_Handler
 .text.BusFault_Handler
                0x08002a70        0x8 ./Core/Src/stm32f4xx_it.o
                0x08002a70                BusFault_Handler
 .text.UsageFault_Handler
                0x08002a78        0x8 ./Core/Src/stm32f4xx_it.o
                0x08002a78                UsageFault_Handler
 .text.DebugMon_Handler
                0x08002a80        0xe ./Core/Src/stm32f4xx_it.o
                0x08002a80                DebugMon_Handler
 *fill*         0x08002a8e        0x2 
 .text.TIM1_UP_TIM10_IRQHandler
                0x08002a90       0x1c ./Core/Src/stm32f4xx_it.o
                0x08002a90                TIM1_UP_TIM10_IRQHandler
 .text.DMA2_Stream0_IRQHandler
                0x08002aac       0x14 ./Core/Src/stm32f4xx_it.o
                0x08002aac                DMA2_Stream0_IRQHandler
 .text.DMA2_Stream2_IRQHandler
                0x08002ac0       0x14 ./Core/Src/stm32f4xx_it.o
                0x08002ac0                DMA2_Stream2_IRQHandler
 .text.OTG_FS_IRQHandler
                0x08002ad4       0x14 ./Core/Src/stm32f4xx_it.o
                0x08002ad4                OTG_FS_IRQHandler
 .text.SystemInit
                0x08002ae8       0x24 ./Core/Src/system_stm32f4xx.o
                0x08002ae8                SystemInit
 .text.Reset_Handler
                0x08002b0c       0x50 ./Core/Startup/startup_stm32f411ceux.o
                0x08002b0c                Reset_Handler
 .text.Default_Handler
                0x08002b5c        0x2 ./Core/Startup/startup_stm32f411ceux.o
                0x08002b5c                RTC_Alarm_IRQHandler
                0x08002b5c                EXTI2_IRQHandler
                0x08002b5c                SPI4_IRQHandler
                0x08002b5c                TIM1_CC_IRQHandler
                0x08002b5c                DMA2_Stream5_IRQHandler
                0x08002b5c                DMA1_Stream5_IRQHandler
                0x08002b5c                PVD_IRQHandler
                0x08002b5c                SDIO_IRQHandler
                0x08002b5c                TAMP_STAMP_IRQHandler
                0x08002b5c                EXTI3_IRQHandler
                0x08002b5c                I2C3_ER_IRQHandler
                0x08002b5c                EXTI0_IRQHandler
                0x08002b5c                I2C2_EV_IRQHandler
                0x08002b5c                DMA1_Stream2_IRQHandler
                0x08002b5c                FPU_IRQHandler
                0x08002b5c                SPI1_IRQHandler
                0x08002b5c                TIM1_BRK_TIM9_IRQHandler
                0x08002b5c                DMA2_Stream3_IRQHandler
                0x08002b5c                USART6_IRQHandler
                0x08002b5c                TIM4_IRQHandler
                0x08002b5c                I2C1_EV_IRQHandler
                0x08002b5c                DMA1_Stream6_IRQHandler
                0x08002b5c                DMA1_Stream1_IRQHandler
                0x08002b5c                TIM3_IRQHandler
                0x08002b5c                RCC_IRQHandler
                0x08002b5c                Default_Handler
                0x08002b5c                EXTI15_10_IRQHandler
                0x08002b5c                ADC_IRQHandler
                0x08002b5c                DMA1_Stream7_IRQHandler
                0x08002b5c                SPI5_IRQHandler
                0x08002b5c                TIM5_IRQHandler
                0x08002b5c                DMA2_Stream7_IRQHandler
                0x08002b5c                I2C3_EV_IRQHandler
                0x08002b5c                EXTI9_5_IRQHandler
                0x08002b5c                RTC_WKUP_IRQHandler
                0x08002b5c                SPI2_IRQHandler
                0x08002b5c                DMA1_Stream0_IRQHandler
                0x08002b5c                EXTI4_IRQHandler
                0x08002b5c                WWDG_IRQHandler
                0x08002b5c                TIM2_IRQHandler
                0x08002b5c                OTG_FS_WKUP_IRQHandler
                0x08002b5c                TIM1_TRG_COM_TIM11_IRQHandler
                0x08002b5c                EXTI1_IRQHandler
                0x08002b5c                USART2_IRQHandler
                0x08002b5c                I2C2_ER_IRQHandler
                0x08002b5c                DMA2_Stream1_IRQHandler
                0x08002b5c                FLASH_IRQHandler
                0x08002b5c                DMA2_Stream4_IRQHandler
                0x08002b5c                USART1_IRQHandler
                0x08002b5c                SPI3_IRQHandler
                0x08002b5c                DMA1_Stream4_IRQHandler
                0x08002b5c                I2C1_ER_IRQHandler
                0x08002b5c                DMA2_Stream6_IRQHandler
                0x08002b5c                DMA1_Stream3_IRQHandler
 *fill*         0x08002b5e        0x2 
 .text.HAL_Init
                0x08002b60       0x44 ./Drivers/STM32F4xx_HAL_Driver/Src/stm32f4xx_hal.o
                0x08002b60                HAL_Init
 .text.HAL_IncTick
                0x08002ba4       0x28 ./Drivers/STM32F4xx_HAL_Driver/Src/stm32f4xx_hal.o
                0x08002ba4                HAL_IncTick
 .text.HAL_GetTick
                0x08002bcc       0x18 ./Drivers/STM32F4xx_HAL_Driver/Src/stm32f4xx_hal.o
                0x08002bcc                HAL_GetTick
 .text.HAL_Delay
                0x08002be4       0x48 ./Drivers/STM32F4xx_HAL_Driver/Src/stm32f4xx_hal.o
                0x08002be4                HAL_Delay
 .text.__NVIC_SetPriorityGrouping
                0x08002c2c       0x48 ./Drivers/STM32F4xx_HAL_Driver/Src/stm32f4xx_hal_cortex.o
 .text.__NVIC_GetPriorityGrouping
                0x08002c74       0x1c ./Drivers/STM32F4xx_HAL_Driver/Src/stm32f4xx_hal_cortex.o
 .text.__NVIC_EnableIRQ
                0x08002c90       0x3c ./Drivers/STM32F4xx_HAL_Driver/Src/stm32f4xx_hal_cortex.o
 .text.__NVIC_SetPriority
                0x08002ccc       0x54 ./Drivers/STM32F4xx_HAL_Driver/Src/stm32f4xx_hal_cortex.o
 .text.NVIC_EncodePriority
                0x08002d20       0x66 ./Drivers/STM32F4xx_HAL_Driver/Src/stm32f4xx_hal_cortex.o
 .text.HAL_NVIC_SetPriorityGrouping
                0x08002d86       0x16 ./Drivers/STM32F4xx_HAL_Driver/Src/stm32f4xx_hal_cortex.o
                0x08002d86                HAL_NVIC_SetPriorityGrouping
 .text.HAL_NVIC_SetPriority
                0x08002d9c       0x38 ./Drivers/STM32F4xx_HAL_Driver/Src/stm32f4xx_hal_cortex.o
                0x08002d9c                HAL_NVIC_SetPriority
 .text.HAL_NVIC_EnableIRQ
                0x08002dd4       0x1c ./Drivers/STM32F4xx_HAL_Driver/Src/stm32f4xx_hal_cortex.o
                0x08002dd4                HAL_NVIC_EnableIRQ
 .text.HAL_DMA_Init
                0x08002df0      0x15c ./Drivers/STM32F4xx_HAL_Driver/Src/stm32f4xx_hal_dma.o
                0x08002df0                HAL_DMA_Init
 .text.HAL_DMA_Start_IT
                0x08002f4c       0xb0 ./Drivers/STM32F4xx_HAL_Driver/Src/stm32f4xx_hal_dma.o
                0x08002f4c                HAL_DMA_Start_IT
 .text.HAL_DMA_IRQHandler
                0x08002ffc      0x314 ./Drivers/STM32F4xx_HAL_Driver/Src/stm32f4xx_hal_dma.o
                0x08002ffc                HAL_DMA_IRQHandler
 .text.DMA_SetConfig
                0x08003310       0x5c ./Drivers/STM32F4xx_HAL_Driver/Src/stm32f4xx_hal_dma.o
 .text.DMA_CalcBaseAndBitshift
                0x0800336c       0x6c ./Drivers/STM32F4xx_HAL_Driver/Src/stm32f4xx_hal_dma.o
 .text.DMA_CheckFifoParam
                0x080033d8       0xf8 ./Drivers/STM32F4xx_HAL_Driver/Src/stm32f4xx_hal_dma.o
 .text.HAL_GPIO_Init
                0x080034d0      0x308 ./Drivers/STM32F4xx_HAL_Driver/Src/stm32f4xx_hal_gpio.o
                0x080034d0                HAL_GPIO_Init
 .text.HAL_GPIO_WritePin
                0x080037d8       0x32 ./Drivers/STM32F4xx_HAL_Driver/Src/stm32f4xx_hal_gpio.o
                0x080037d8                HAL_GPIO_WritePin
 .text.HAL_GPIO_TogglePin
                0x0800380a       0x34 ./Drivers/STM32F4xx_HAL_Driver/Src/stm32f4xx_hal_gpio.o
                0x0800380a                HAL_GPIO_TogglePin
 .text.HAL_PCD_Init
                0x0800383e      0x21e ./Drivers/STM32F4xx_HAL_Driver/Src/stm32f4xx_hal_pcd.o
                0x0800383e                HAL_PCD_Init
 .text.HAL_PCD_Start
                0x08003a5c       0x6a ./Drivers/STM32F4xx_HAL_Driver/Src/stm32f4xx_hal_pcd.o
                0x08003a5c                HAL_PCD_Start
 .text.HAL_PCD_IRQHandler
                0x08003ac6      0x942 ./Drivers/STM32F4xx_HAL_Driver/Src/stm32f4xx_hal_pcd.o
                0x08003ac6                HAL_PCD_IRQHandler
 .text.HAL_PCD_SetAddress
                0x08004408       0x48 ./Drivers/STM32F4xx_HAL_Driver/Src/stm32f4xx_hal_pcd.o
                0x08004408                HAL_PCD_SetAddress
 .text.HAL_PCD_EP_Open
                0x08004450       0xd0 ./Drivers/STM32F4xx_HAL_Driver/Src/stm32f4xx_hal_pcd.o
                0x08004450                HAL_PCD_EP_Open
 .text.HAL_PCD_EP_Close
                0x08004520       0x94 ./Drivers/STM32F4xx_HAL_Driver/Src/stm32f4xx_hal_pcd.o
                0x08004520                HAL_PCD_EP_Close
 .text.HAL_PCD_EP_Receive
                0x080045b4       0x76 ./Drivers/STM32F4xx_HAL_Driver/Src/stm32f4xx_hal_pcd.o
                0x080045b4                HAL_PCD_EP_Receive
 .text.HAL_PCD_EP_GetRxCount
                0x0800462a       0x30 ./Drivers/STM32F4xx_HAL_Driver/Src/stm32f4xx_hal_pcd.o
                0x0800462a                HAL_PCD_EP_GetRxCount
 .text.HAL_PCD_EP_Transmit
                0x0800465a       0x74 ./Drivers/STM32F4xx_HAL_Driver/Src/stm32f4xx_hal_pcd.o
                0x0800465a                HAL_PCD_EP_Transmit
 .text.HAL_PCD_EP_SetStall
                0x080046ce       0xc6 ./Drivers/STM32F4xx_HAL_Driver/Src/stm32f4xx_hal_pcd.o
                0x080046ce                HAL_PCD_EP_SetStall
 .text.HAL_PCD_EP_ClrStall
                0x08004794       0xac ./Drivers/STM32F4xx_HAL_Driver/Src/stm32f4xx_hal_pcd.o
                0x08004794                HAL_PCD_EP_ClrStall
 .text.HAL_PCD_EP_Abort
                0x08004840       0x62 ./Drivers/STM32F4xx_HAL_Driver/Src/stm32f4xx_hal_pcd.o
                0x08004840                HAL_PCD_EP_Abort
 .text.PCD_WriteEmptyTxFifo
                0x080048a2      0x118 ./Drivers/STM32F4xx_HAL_Driver/Src/stm32f4xx_hal_pcd.o
 *fill*         0x080049ba        0x2 
 .text.PCD_EP_OutXfrComplete_int
                0x080049bc      0x1d0 ./Drivers/STM32F4xx_HAL_Driver/Src/stm32f4xx_hal_pcd.o
 .text.PCD_EP_OutSetupPacket_int
                0x08004b8c       0x8c ./Drivers/STM32F4xx_HAL_Driver/Src/stm32f4xx_hal_pcd.o
 .text.HAL_PCDEx_SetTxFiFo
                0x08004c18       0x8e ./Drivers/STM32F4xx_HAL_Driver/Src/stm32f4xx_hal_pcd_ex.o
                0x08004c18                HAL_PCDEx_SetTxFiFo
 .text.HAL_PCDEx_SetRxFiFo
                0x08004ca6       0x22 ./Drivers/STM32F4xx_HAL_Driver/Src/stm32f4xx_hal_pcd_ex.o
                0x08004ca6                HAL_PCDEx_SetRxFiFo
 .text.HAL_PCDEx_LPM_Callback
                0x08004cc8       0x18 ./Drivers/STM32F4xx_HAL_Driver/Src/stm32f4xx_hal_pcd_ex.o
                0x08004cc8                HAL_PCDEx_LPM_Callback
 .text.HAL_RCC_OscConfig
                0x08004ce0      0x4f0 ./Drivers/STM32F4xx_HAL_Driver/Src/stm32f4xx_hal_rcc.o
                0x08004ce0                HAL_RCC_OscConfig
 .text.HAL_RCC_ClockConfig
                0x080051d0      0x1cc ./Drivers/STM32F4xx_HAL_Driver/Src/stm32f4xx_hal_rcc.o
                0x080051d0                HAL_RCC_ClockConfig
 .text.HAL_RCC_GetSysClockFreq
                0x0800539c      0x18c ./Drivers/STM32F4xx_HAL_Driver/Src/stm32f4xx_hal_rcc.o
                0x0800539c                HAL_RCC_GetSysClockFreq
 .text.HAL_RCC_GetHCLKFreq
                0x08005528       0x18 ./Drivers/STM32F4xx_HAL_Driver/Src/stm32f4xx_hal_rcc.o
                0x08005528                HAL_RCC_GetHCLKFreq
 .text.HAL_RCC_GetPCLK2Freq
                0x08005540       0x28 ./Drivers/STM32F4xx_HAL_Driver/Src/stm32f4xx_hal_rcc.o
                0x08005540                HAL_RCC_GetPCLK2Freq
 .text.HAL_RCC_GetClockConfig
                0x08005568       0x64 ./Drivers/STM32F4xx_HAL_Driver/Src/stm32f4xx_hal_rcc.o
                0x08005568                HAL_RCC_GetClockConfig
 .text.HAL_SPI_Init
                0x080055cc      0x112 ./Drivers/STM32F4xx_HAL_Driver/Src/stm32f4xx_hal_spi.o
                0x080055cc                HAL_SPI_Init
 *fill*         0x080056de        0x2 
 .text.HAL_SPI_TransmitReceive_DMA
                0x080056e0      0x1f4 ./Drivers/STM32F4xx_HAL_Driver/Src/stm32f4xx_hal_spi.o
                0x080056e0                HAL_SPI_TransmitReceive_DMA
 .text.HAL_SPI_RxCpltCallback
                0x080058d4       0x14 ./Drivers/STM32F4xx_HAL_Driver/Src/stm32f4xx_hal_spi.o
                0x080058d4                HAL_SPI_RxCpltCallback
 .text.HAL_SPI_RxHalfCpltCallback
                0x080058e8       0x14 ./Drivers/STM32F4xx_HAL_Driver/Src/stm32f4xx_hal_spi.o
                0x080058e8                HAL_SPI_RxHalfCpltCallback
 .text.HAL_SPI_TxRxHalfCpltCallback
                0x080058fc       0x14 ./Drivers/STM32F4xx_HAL_Driver/Src/stm32f4xx_hal_spi.o
                0x080058fc                HAL_SPI_TxRxHalfCpltCallback
 .text.HAL_SPI_ErrorCallback
                0x08005910       0x14 ./Drivers/STM32F4xx_HAL_Driver/Src/stm32f4xx_hal_spi.o
                0x08005910                HAL_SPI_ErrorCallback
 .text.SPI_DMAReceiveCplt
                0x08005924       0xa8 ./Drivers/STM32F4xx_HAL_Driver/Src/stm32f4xx_hal_spi.o
 .text.SPI_DMATransmitReceiveCplt
                0x080059cc       0x90 ./Drivers/STM32F4xx_HAL_Driver/Src/stm32f4xx_hal_spi.o
 .text.SPI_DMAHalfReceiveCplt
                0x08005a5c       0x1c ./Drivers/STM32F4xx_HAL_Driver/Src/stm32f4xx_hal_spi.o
 .text.SPI_DMAHalfTransmitReceiveCplt
                0x08005a78       0x1c ./Drivers/STM32F4xx_HAL_Driver/Src/stm32f4xx_hal_spi.o
 .text.SPI_DMAError
                0x08005a94       0x40 ./Drivers/STM32F4xx_HAL_Driver/Src/stm32f4xx_hal_spi.o
 .text.SPI_WaitFlagStateUntilTimeout
                0x08005ad4      0x110 ./Drivers/STM32F4xx_HAL_Driver/Src/stm32f4xx_hal_spi.o
 .text.SPI_EndRxTransaction
                0x08005be4       0xca ./Drivers/STM32F4xx_HAL_Driver/Src/stm32f4xx_hal_spi.o
 *fill*         0x08005cae        0x2 
 .text.SPI_EndRxTxTransaction
                0x08005cb0       0xa8 ./Drivers/STM32F4xx_HAL_Driver/Src/stm32f4xx_hal_spi.o
 .text.HAL_TIM_Base_Init
                0x08005d58       0x9e ./Drivers/STM32F4xx_HAL_Driver/Src/stm32f4xx_hal_tim.o
                0x08005d58                HAL_TIM_Base_Init
 .text.HAL_TIM_Base_MspInit
                0x08005df6       0x14 ./Drivers/STM32F4xx_HAL_Driver/Src/stm32f4xx_hal_tim.o
                0x08005df6                HAL_TIM_Base_MspInit
 *fill*         0x08005e0a        0x2 
 .text.HAL_TIM_Base_Start
                0x08005e0c       0xb4 ./Drivers/STM32F4xx_HAL_Driver/Src/stm32f4xx_hal_tim.o
                0x08005e0c                HAL_TIM_Base_Start
 .text.HAL_TIM_Base_Start_IT
                0x08005ec0       0xc4 ./Drivers/STM32F4xx_HAL_Driver/Src/stm32f4xx_hal_tim.o
                0x08005ec0                HAL_TIM_Base_Start_IT
 .text.HAL_TIM_PWM_Init
                0x08005f84       0x9e ./Drivers/STM32F4xx_HAL_Driver/Src/stm32f4xx_hal_tim.o
                0x08005f84                HAL_TIM_PWM_Init
 *fill*         0x08006022        0x2 
 .text.HAL_TIM_PWM_Start
                0x08006024      0x160 ./Drivers/STM32F4xx_HAL_Driver/Src/stm32f4xx_hal_tim.o
                0x08006024                HAL_TIM_PWM_Start
 .text.HAL_TIM_Encoder_Init
                0x08006184      0x14c ./Drivers/STM32F4xx_HAL_Driver/Src/stm32f4xx_hal_tim.o
                0x08006184                HAL_TIM_Encoder_Init
 .text.HAL_TIM_Encoder_Start
                0x080062d0      0x11c ./Drivers/STM32F4xx_HAL_Driver/Src/stm32f4xx_hal_tim.o
                0x080062d0                HAL_TIM_Encoder_Start
 .text.HAL_TIM_IRQHandler
                0x080063ec      0x1e0 ./Drivers/STM32F4xx_HAL_Driver/Src/stm32f4xx_hal_tim.o
                0x080063ec                HAL_TIM_IRQHandler
 .text.HAL_TIM_PWM_ConfigChannel
                0x080065cc      0x184 ./Drivers/STM32F4xx_HAL_Driver/Src/stm32f4xx_hal_tim.o
                0x080065cc                HAL_TIM_PWM_ConfigChannel
 .text.HAL_TIM_OC_DelayElapsedCallback
                0x08006750       0x14 ./Drivers/STM32F4xx_HAL_Driver/Src/stm32f4xx_hal_tim.o
                0x08006750                HAL_TIM_OC_DelayElapsedCallback
 .text.HAL_TIM_IC_CaptureCallback
                0x08006764       0x14 ./Drivers/STM32F4xx_HAL_Driver/Src/stm32f4xx_hal_tim.o
                0x08006764                HAL_TIM_IC_CaptureCallback
 .text.HAL_TIM_PWM_PulseFinishedCallback
                0x08006778       0x14 ./Drivers/STM32F4xx_HAL_Driver/Src/stm32f4xx_hal_tim.o
                0x08006778                HAL_TIM_PWM_PulseFinishedCallback
 .text.HAL_TIM_TriggerCallback
                0x0800678c       0x14 ./Drivers/STM32F4xx_HAL_Driver/Src/stm32f4xx_hal_tim.o
                0x0800678c                HAL_TIM_TriggerCallback
 .text.TIM_Base_SetConfig
                0x080067a0      0x118 ./Drivers/STM32F4xx_HAL_Driver/Src/stm32f4xx_hal_tim.o
                0x080067a0                TIM_Base_SetConfig
 .text.TIM_OC1_SetConfig
                0x080068b8       0xcc ./Drivers/STM32F4xx_HAL_Driver/Src/stm32f4xx_hal_tim.o
 .text.TIM_OC2_SetConfig
                0x08006984       0xd8 ./Drivers/STM32F4xx_HAL_Driver/Src/stm32f4xx_hal_tim.o
                0x08006984                TIM_OC2_SetConfig
 .text.TIM_OC3_SetConfig
                0x08006a5c       0xd4 ./Drivers/STM32F4xx_HAL_Driver/Src/stm32f4xx_hal_tim.o
 .text.TIM_OC4_SetConfig
                0x08006b30       0xa0 ./Drivers/STM32F4xx_HAL_Driver/Src/stm32f4xx_hal_tim.o
 .text.TIM_CCxChannelCmd
                0x08006bd0       0x4a ./Drivers/STM32F4xx_HAL_Driver/Src/stm32f4xx_hal_tim.o
                0x08006bd0                TIM_CCxChannelCmd
 *fill*         0x08006c1a        0x2 
 .text.HAL_TIMEx_MasterConfigSynchronization
                0x08006c1c       0xdc ./Drivers/STM32F4xx_HAL_Driver/Src/stm32f4xx_hal_tim_ex.o
                0x08006c1c                HAL_TIMEx_MasterConfigSynchronization
 .text.HAL_TIMEx_CommutCallback
                0x08006cf8       0x14 ./Drivers/STM32F4xx_HAL_Driver/Src/stm32f4xx_hal_tim_ex.o
                0x08006cf8                HAL_TIMEx_CommutCallback
 .text.HAL_TIMEx_BreakCallback
                0x08006d0c       0x14 ./Drivers/STM32F4xx_HAL_Driver/Src/stm32f4xx_hal_tim_ex.o
                0x08006d0c                HAL_TIMEx_BreakCallback
 .text.USB_CoreInit
                0x08006d20       0xc8 ./Drivers/STM32F4xx_HAL_Driver/Src/stm32f4xx_ll_usb.o
                0x08006d20                USB_CoreInit
 .text.USB_SetTurnaroundTime
                0x08006de8      0x144 ./Drivers/STM32F4xx_HAL_Driver/Src/stm32f4xx_ll_usb.o
                0x08006de8                USB_SetTurnaroundTime
 .text.USB_EnableGlobalInt
                0x08006f2c       0x22 ./Drivers/STM32F4xx_HAL_Driver/Src/stm32f4xx_ll_usb.o
                0x08006f2c                USB_EnableGlobalInt
 .text.USB_DisableGlobalInt
                0x08006f4e       0x22 ./Drivers/STM32F4xx_HAL_Driver/Src/stm32f4xx_ll_usb.o
                0x08006f4e                USB_DisableGlobalInt
 .text.USB_SetCurrentMode
                0x08006f70       0x98 ./Drivers/STM32F4xx_HAL_Driver/Src/stm32f4xx_ll_usb.o
                0x08006f70                USB_SetCurrentMode
 .text.USB_DevInit
                0x08007008      0x2c8 ./Drivers/STM32F4xx_HAL_Driver/Src/stm32f4xx_ll_usb.o
                0x08007008                USB_DevInit
 .text.USB_FlushTxFifo
                0x080072d0       0x64 ./Drivers/STM32F4xx_HAL_Driver/Src/stm32f4xx_ll_usb.o
                0x080072d0                USB_FlushTxFifo
 .text.USB_FlushRxFifo
                0x08007334       0x5c ./Drivers/STM32F4xx_HAL_Driver/Src/stm32f4xx_ll_usb.o
                0x08007334                USB_FlushRxFifo
 .text.USB_SetDevSpeed
                0x08007390       0x32 ./Drivers/STM32F4xx_HAL_Driver/Src/stm32f4xx_ll_usb.o
                0x08007390                USB_SetDevSpeed
 .text.USB_GetDevSpeed
                0x080073c2       0x4a ./Drivers/STM32F4xx_HAL_Driver/Src/stm32f4xx_ll_usb.o
                0x080073c2                USB_GetDevSpeed
 .text.USB_ActivateEndpoint
                0x0800740c      0x10e ./Drivers/STM32F4xx_HAL_Driver/Src/stm32f4xx_ll_usb.o
                0x0800740c                USB_ActivateEndpoint
 *fill*         0x0800751a        0x2 
 .text.USB_DeactivateEndpoint
                0x0800751c      0x1b8 ./Drivers/STM32F4xx_HAL_Driver/Src/stm32f4xx_ll_usb.o
                0x0800751c                USB_DeactivateEndpoint
 .text.USB_EPStartXfer
                0x080076d4      0x530 ./Drivers/STM32F4xx_HAL_Driver/Src/stm32f4xx_ll_usb.o
                0x080076d4                USB_EPStartXfer
 .text.USB_EPStopXfer
                0x08007c04      0x154 ./Drivers/STM32F4xx_HAL_Driver/Src/stm32f4xx_ll_usb.o
                0x08007c04                USB_EPStopXfer
 .text.USB_WritePacket
                0x08007d58       0x7c ./Drivers/STM32F4xx_HAL_Driver/Src/stm32f4xx_ll_usb.o
                0x08007d58                USB_WritePacket
 .text.USB_ReadPacket
                0x08007dd4       0xb0 ./Drivers/STM32F4xx_HAL_Driver/Src/stm32f4xx_ll_usb.o
                0x08007dd4                USB_ReadPacket
 .text.USB_EPSetStall
                0x08007e84       0xdc ./Drivers/STM32F4xx_HAL_Driver/Src/stm32f4xx_ll_usb.o
                0x08007e84                USB_EPSetStall
 .text.USB_EPClearStall
                0x08007f60       0xcc ./Drivers/STM32F4xx_HAL_Driver/Src/stm32f4xx_ll_usb.o
                0x08007f60                USB_EPClearStall
 .text.USB_SetDevAddress
                0x0800802c       0x4c ./Drivers/STM32F4xx_HAL_Driver/Src/stm32f4xx_ll_usb.o
                0x0800802c                USB_SetDevAddress
 .text.USB_DevConnect
                0x08008078       0x42 ./Drivers/STM32F4xx_HAL_Driver/Src/stm32f4xx_ll_usb.o
                0x08008078                USB_DevConnect
 .text.USB_DevDisconnect
                0x080080ba       0x42 ./Drivers/STM32F4xx_HAL_Driver/Src/stm32f4xx_ll_usb.o
                0x080080ba                USB_DevDisconnect
 .text.USB_ReadInterrupts
                0x080080fc       0x26 ./Drivers/STM32F4xx_HAL_Driver/Src/stm32f4xx_ll_usb.o
                0x080080fc                USB_ReadInterrupts
 .text.USB_ReadDevAllOutEpInterrupt
                0x08008122       0x34 ./Drivers/STM32F4xx_HAL_Driver/Src/stm32f4xx_ll_usb.o
                0x08008122                USB_ReadDevAllOutEpInterrupt
 .text.USB_ReadDevAllInEpInterrupt
                0x08008156       0x34 ./Drivers/STM32F4xx_HAL_Driver/Src/stm32f4xx_ll_usb.o
                0x08008156                USB_ReadDevAllInEpInterrupt
 .text.USB_ReadDevOutEPInterrupt
                0x0800818a       0x3c ./Drivers/STM32F4xx_HAL_Driver/Src/stm32f4xx_ll_usb.o
                0x0800818a                USB_ReadDevOutEPInterrupt
 .text.USB_ReadDevInEPInterrupt
                0x080081c6       0x5c ./Drivers/STM32F4xx_HAL_Driver/Src/stm32f4xx_ll_usb.o
                0x080081c6                USB_ReadDevInEPInterrupt
 .text.USB_GetMode
                0x08008222       0x1c ./Drivers/STM32F4xx_HAL_Driver/Src/stm32f4xx_ll_usb.o
                0x08008222                USB_GetMode
 .text.USB_ActivateSetup
                0x0800823e       0x46 ./Drivers/STM32F4xx_HAL_Driver/Src/stm32f4xx_ll_usb.o
                0x0800823e                USB_ActivateSetup
 .text.USB_EP0_OutStart
                0x08008284       0xbc ./Drivers/STM32F4xx_HAL_Driver/Src/stm32f4xx_ll_usb.o
                0x08008284                USB_EP0_OutStart
 .text.USB_CoreReset
                0x08008340       0x62 ./Drivers/STM32F4xx_HAL_Driver/Src/stm32f4xx_ll_usb.o
 *fill*         0x080083a2        0x2 
 .text.USBD_CDC_Init
                0x080083a4      0x1f0 ./Middlewares/ST/STM32_USB_Device_Library/Class/CDC/Src/usbd_cdc.o
 .text.USBD_CDC_DeInit
                0x08008594      0x104 ./Middlewares/ST/STM32_USB_Device_Library/Class/CDC/Src/usbd_cdc.o
 .text.USBD_CDC_Setup
                0x08008698      0x1b8 ./Middlewares/ST/STM32_USB_Device_Library/Class/CDC/Src/usbd_cdc.o
 .text.USBD_CDC_DataIn
                0x08008850       0xfe ./Middlewares/ST/STM32_USB_Device_Library/Class/CDC/Src/usbd_cdc.o
 .text.USBD_CDC_DataOut
                0x0800894e       0x70 ./Middlewares/ST/STM32_USB_Device_Library/Class/CDC/Src/usbd_cdc.o
 .text.USBD_CDC_EP0_RxReady
                0x080089be       0x74 ./Middlewares/ST/STM32_USB_Device_Library/Class/CDC/Src/usbd_cdc.o
 *fill*         0x08008a32        0x2 
 .text.USBD_CDC_GetFSCfgDesc
                0x08008a34       0x70 ./Middlewares/ST/STM32_USB_Device_Library/Class/CDC/Src/usbd_cdc.o
 .text.USBD_CDC_GetHSCfgDesc
                0x08008aa4       0x70 ./Middlewares/ST/STM32_USB_Device_Library/Class/CDC/Src/usbd_cdc.o
 .text.USBD_CDC_GetOtherSpeedCfgDesc
                0x08008b14       0x70 ./Middlewares/ST/STM32_USB_Device_Library/Class/CDC/Src/usbd_cdc.o
 .text.USBD_CDC_GetDeviceQualifierDescriptor
                0x08008b84       0x20 ./Middlewares/ST/STM32_USB_Device_Library/Class/CDC/Src/usbd_cdc.o
                0x08008b84                USBD_CDC_GetDeviceQualifierDescriptor
 .text.USBD_CDC_RegisterInterface
                0x08008ba4       0x34 ./Middlewares/ST/STM32_USB_Device_Library/Class/CDC/Src/usbd_cdc.o
                0x08008ba4                USBD_CDC_RegisterInterface
 .text.USBD_CDC_SetTxBuffer
                0x08008bd8       0x44 ./Middlewares/ST/STM32_USB_Device_Library/Class/CDC/Src/usbd_cdc.o
                0x08008bd8                USBD_CDC_SetTxBuffer
 .text.USBD_CDC_SetRxBuffer
                0x08008c1c       0x3a ./Middlewares/ST/STM32_USB_Device_Library/Class/CDC/Src/usbd_cdc.o
                0x08008c1c                USBD_CDC_SetRxBuffer
 *fill*         0x08008c56        0x2 
 .text.USBD_CDC_ReceivePacket
                0x08008c58       0x6c ./Middlewares/ST/STM32_USB_Device_Library/Class/CDC/Src/usbd_cdc.o
                0x08008c58                USBD_CDC_ReceivePacket
 .text.USBD_Init
                0x08008cc4       0x60 ./Middlewares/ST/STM32_USB_Device_Library/Core/Src/usbd_core.o
                0x08008cc4                USBD_Init
 .text.USBD_RegisterClass
                0x08008d24       0x6c ./Middlewares/ST/STM32_USB_Device_Library/Core/Src/usbd_core.o
                0x08008d24                USBD_RegisterClass
 .text.USBD_Start
                0x08008d90       0x18 ./Middlewares/ST/STM32_USB_Device_Library/Core/Src/usbd_core.o
                0x08008d90                USBD_Start
 .text.USBD_RunTestMode
                0x08008da8       0x16 ./Middlewares/ST/STM32_USB_Device_Library/Core/Src/usbd_core.o
                0x08008da8                USBD_RunTestMode
 .text.USBD_SetClassConfig
                0x08008dbe       0x38 ./Middlewares/ST/STM32_USB_Device_Library/Core/Src/usbd_core.o
                0x08008dbe                USBD_SetClassConfig
 .text.USBD_ClrClassConfig
                0x08008df6       0x34 ./Middlewares/ST/STM32_USB_Device_Library/Core/Src/usbd_core.o
                0x08008df6                USBD_ClrClassConfig
 .text.USBD_LL_SetupStage
                0x08008e2a       0xaa ./Middlewares/ST/STM32_USB_Device_Library/Core/Src/usbd_core.o
                0x08008e2a                USBD_LL_SetupStage
 .text.USBD_LL_DataOutStage
                0x08008ed4      0x166 ./Middlewares/ST/STM32_USB_Device_Library/Core/Src/usbd_core.o
                0x08008ed4                USBD_LL_DataOutStage
 .text.USBD_LL_DataInStage
                0x0800903a      0x164 ./Middlewares/ST/STM32_USB_Device_Library/Core/Src/usbd_core.o
                0x0800903a                USBD_LL_DataInStage
 .text.USBD_LL_Reset
                0x0800919e       0xa4 ./Middlewares/ST/STM32_USB_Device_Library/Core/Src/usbd_core.o
                0x0800919e                USBD_LL_Reset
 .text.USBD_LL_SetSpeed
                0x08009242       0x20 ./Middlewares/ST/STM32_USB_Device_Library/Core/Src/usbd_core.o
                0x08009242                USBD_LL_SetSpeed
 .text.USBD_LL_Suspend
                0x08009262       0x38 ./Middlewares/ST/STM32_USB_Device_Library/Core/Src/usbd_core.o
                0x08009262                USBD_LL_Suspend
 .text.USBD_LL_Resume
                0x0800929a       0x30 ./Middlewares/ST/STM32_USB_Device_Library/Core/Src/usbd_core.o
                0x0800929a                USBD_LL_Resume
 .text.USBD_LL_SOF
                0x080092ca       0x40 ./Middlewares/ST/STM32_USB_Device_Library/Core/Src/usbd_core.o
                0x080092ca                USBD_LL_SOF
 .text.USBD_LL_IsoINIncomplete
                0x0800930a       0x64 ./Middlewares/ST/STM32_USB_Device_Library/Core/Src/usbd_core.o
                0x0800930a                USBD_LL_IsoINIncomplete
 .text.USBD_LL_IsoOUTIncomplete
                0x0800936e       0x64 ./Middlewares/ST/STM32_USB_Device_Library/Core/Src/usbd_core.o
                0x0800936e                USBD_LL_IsoOUTIncomplete
 .text.USBD_LL_DevConnected
                0x080093d2       0x16 ./Middlewares/ST/STM32_USB_Device_Library/Core/Src/usbd_core.o
                0x080093d2                USBD_LL_DevConnected
 .text.USBD_LL_DevDisconnected
                0x080093e8       0x46 ./Middlewares/ST/STM32_USB_Device_Library/Core/Src/usbd_core.o
                0x080093e8                USBD_LL_DevDisconnected
 .text.USBD_CoreFindIF
                0x0800942e       0x1a ./Middlewares/ST/STM32_USB_Device_Library/Core/Src/usbd_core.o
                0x0800942e                USBD_CoreFindIF
 .text.USBD_CoreFindEP
                0x08009448       0x1a ./Middlewares/ST/STM32_USB_Device_Library/Core/Src/usbd_core.o
                0x08009448                USBD_CoreFindEP
 .text.USBD_GetEpDesc
                0x08009462       0x70 ./Middlewares/ST/STM32_USB_Device_Library/Core/Src/usbd_core.o
                0x08009462                USBD_GetEpDesc
 .text.USBD_GetNextDesc
                0x080094d2       0x38 ./Middlewares/ST/STM32_USB_Device_Library/Core/Src/usbd_core.o
                0x080094d2                USBD_GetNextDesc
 .text.SWAPBYTE
                0x0800950a       0x3c ./Middlewares/ST/STM32_USB_Device_Library/Core/Src/usbd_ctlreq.o
 *fill*         0x08009546        0x2 
 .text.USBD_StdDevReq
                0x08009548       0xe4 ./Middlewares/ST/STM32_USB_Device_Library/Core/Src/usbd_ctlreq.o
                0x08009548                USBD_StdDevReq
 .text.USBD_StdItfReq
                0x0800962c       0xd8 ./Middlewares/ST/STM32_USB_Device_Library/Core/Src/usbd_ctlreq.o
                0x0800962c                USBD_StdItfReq
 .text.USBD_StdEPReq
                0x08009704      0x33a ./Middlewares/ST/STM32_USB_Device_Library/Core/Src/usbd_ctlreq.o
                0x08009704                USBD_StdEPReq
 *fill*         0x08009a3e        0x2 
 .text.USBD_GetDescriptor
                0x08009a40      0x2d4 ./Middlewares/ST/STM32_USB_Device_Library/Core/Src/usbd_ctlreq.o
 .text.USBD_SetAddress
                0x08009d14       0x88 ./Middlewares/ST/STM32_USB_Device_Library/Core/Src/usbd_ctlreq.o
 .text.USBD_SetConfig
                0x08009d9c      0x154 ./Middlewares/ST/STM32_USB_Device_Library/Core/Src/usbd_ctlreq.o
 .text.USBD_GetConfig
                0x08009ef0       0x6c ./Middlewares/ST/STM32_USB_Device_Library/Core/Src/usbd_ctlreq.o
 .text.USBD_GetStatus
                0x08009f5c       0x68 ./Middlewares/ST/STM32_USB_Device_Library/Core/Src/usbd_ctlreq.o
 .text.USBD_SetFeature
                0x08009fc4       0x52 ./Middlewares/ST/STM32_USB_Device_Library/Core/Src/usbd_ctlreq.o
 .text.USBD_ClrFeature
                0x0800a016       0x44 ./Middlewares/ST/STM32_USB_Device_Library/Core/Src/usbd_ctlreq.o
 .text.USBD_ParseSetupRequest
                0x0800a05a       0x74 ./Middlewares/ST/STM32_USB_Device_Library/Core/Src/usbd_ctlreq.o
                0x0800a05a                USBD_ParseSetupRequest
 .text.USBD_CtlError
                0x0800a0ce       0x22 ./Middlewares/ST/STM32_USB_Device_Library/Core/Src/usbd_ctlreq.o
                0x0800a0ce                USBD_CtlError
 .text.USBD_GetString
                0x0800a0f0       0x8c ./Middlewares/ST/STM32_USB_Device_Library/Core/Src/usbd_ctlreq.o
                0x0800a0f0                USBD_GetString
 .text.USBD_GetLen
                0x0800a17c       0x34 ./Middlewares/ST/STM32_USB_Device_Library/Core/Src/usbd_ctlreq.o
 .text.USBD_CtlSendData
                0x0800a1b0       0x36 ./Middlewares/ST/STM32_USB_Device_Library/Core/Src/usbd_ioreq.o
                0x0800a1b0                USBD_CtlSendData
 .text.USBD_CtlContinueSendData
                0x0800a1e6       0x22 ./Middlewares/ST/STM32_USB_Device_Library/Core/Src/usbd_ioreq.o
                0x0800a1e6                USBD_CtlContinueSendData
 .text.USBD_CtlPrepareRx
                0x0800a208       0x3a ./Middlewares/ST/STM32_USB_Device_Library/Core/Src/usbd_ioreq.o
                0x0800a208                USBD_CtlPrepareRx
 .text.USBD_CtlContinueRx
                0x0800a242       0x22 ./Middlewares/ST/STM32_USB_Device_Library/Core/Src/usbd_ioreq.o
                0x0800a242                USBD_CtlContinueRx
 .text.USBD_CtlSendStatus
                0x0800a264       0x26 ./Middlewares/ST/STM32_USB_Device_Library/Core/Src/usbd_ioreq.o
                0x0800a264                USBD_CtlSendStatus
 .text.USBD_CtlReceiveStatus
                0x0800a28a       0x26 ./Middlewares/ST/STM32_USB_Device_Library/Core/Src/usbd_ioreq.o
                0x0800a28a                USBD_CtlReceiveStatus
 .text.__NVIC_SetPriority
                0x0800a2b0       0x54 ./Middlewares/Third_Party/FreeRTOS/Source/CMSIS_RTOS_V2/cmsis_os2.o
 .text.SysTick_Handler
                0x0800a304       0x20 ./Middlewares/Third_Party/FreeRTOS/Source/CMSIS_RTOS_V2/cmsis_os2.o
                0x0800a304                SysTick_Handler
 .text.SVC_Setup
                0x0800a324       0x12 ./Middlewares/Third_Party/FreeRTOS/Source/CMSIS_RTOS_V2/cmsis_os2.o
 *fill*         0x0800a336        0x2 
 .text.osKernelInitialize
                0x0800a338       0x48 ./Middlewares/Third_Party/FreeRTOS/Source/CMSIS_RTOS_V2/cmsis_os2.o
                0x0800a338                osKernelInitialize
 .text.osKernelStart
                0x0800a380       0x4c ./Middlewares/Third_Party/FreeRTOS/Source/CMSIS_RTOS_V2/cmsis_os2.o
                0x0800a380                osKernelStart
 .text.osThreadNew
                0x0800a3cc      0x124 ./Middlewares/Third_Party/FreeRTOS/Source/CMSIS_RTOS_V2/cmsis_os2.o
                0x0800a3cc                osThreadNew
 .text.osThreadSuspend
                0x0800a4f0       0x42 ./Middlewares/Third_Party/FreeRTOS/Source/CMSIS_RTOS_V2/cmsis_os2.o
                0x0800a4f0                osThreadSuspend
 .text.osThreadResume
                0x0800a532       0x42 ./Middlewares/Third_Party/FreeRTOS/Source/CMSIS_RTOS_V2/cmsis_os2.o
                0x0800a532                osThreadResume
 .text.osThreadFlagsSet
                0x0800a574       0x9c ./Middlewares/Third_Party/FreeRTOS/Source/CMSIS_RTOS_V2/cmsis_os2.o
                0x0800a574                osThreadFlagsSet
 .text.osThreadFlagsWait
                0x0800a610      0x102 ./Middlewares/Third_Party/FreeRTOS/Source/CMSIS_RTOS_V2/cmsis_os2.o
                0x0800a610                osThreadFlagsWait
 .text.osDelay  0x0800a712       0x36 ./Middlewares/Third_Party/FreeRTOS/Source/CMSIS_RTOS_V2/cmsis_os2.o
                0x0800a712                osDelay
 .text.osEventFlagsNew
                0x0800a748       0x7e ./Middlewares/Third_Party/FreeRTOS/Source/CMSIS_RTOS_V2/cmsis_os2.o
                0x0800a748                osEventFlagsNew
 *fill*         0x0800a7c6        0x2 
 .text.vApplicationGetIdleTaskMemory
                0x0800a7c8       0x34 ./Middlewares/Third_Party/FreeRTOS/Source/CMSIS_RTOS_V2/cmsis_os2.o
                0x0800a7c8                vApplicationGetIdleTaskMemory
 .text.vApplicationGetTimerTaskMemory
                0x0800a7fc       0x34 ./Middlewares/Third_Party/FreeRTOS/Source/CMSIS_RTOS_V2/cmsis_os2.o
                0x0800a7fc                vApplicationGetTimerTaskMemory
 .text.xEventGroupCreateStatic
                0x0800a830       0x72 ./Middlewares/Third_Party/FreeRTOS/Source/event_groups.o
                0x0800a830                xEventGroupCreateStatic
 .text.xEventGroupCreate
                0x0800a8a2       0x34 ./Middlewares/Third_Party/FreeRTOS/Source/event_groups.o
                0x0800a8a2                xEventGroupCreate
 .text.vListInitialise
                0x0800a8d6       0x40 ./Middlewares/Third_Party/FreeRTOS/Source/list.o
                0x0800a8d6                vListInitialise
 .text.vListInitialiseItem
                0x0800a916       0x1a ./Middlewares/Third_Party/FreeRTOS/Source/list.o
                0x0800a916                vListInitialiseItem
 .text.vListInsertEnd
                0x0800a930       0x48 ./Middlewares/Third_Party/FreeRTOS/Source/list.o
                0x0800a930                vListInsertEnd
 .text.vListInsert
                0x0800a978       0x72 ./Middlewares/Third_Party/FreeRTOS/Source/list.o
                0x0800a978                vListInsert
 .text.uxListRemove
                0x0800a9ea       0x54 ./Middlewares/Third_Party/FreeRTOS/Source/list.o
                0x0800a9ea                uxListRemove
 *fill*         0x0800aa3e        0x2 
 .text.xQueueGenericReset
                0x0800aa40       0xd4 ./Middlewares/Third_Party/FreeRTOS/Source/queue.o
                0x0800aa40                xQueueGenericReset
 .text.xQueueGenericCreateStatic
                0x0800ab14       0xfa ./Middlewares/Third_Party/FreeRTOS/Source/queue.o
                0x0800ab14                xQueueGenericCreateStatic
 .text.prvInitialiseNewQueue
                0x0800ac0e       0x46 ./Middlewares/Third_Party/FreeRTOS/Source/queue.o
 .text.xQueueGenericSend
                0x0800ac54      0x204 ./Middlewares/Third_Party/FreeRTOS/Source/queue.o
                0x0800ac54                xQueueGenericSend
 .text.xQueueGenericSendFromISR
                0x0800ae58      0x13c ./Middlewares/Third_Party/FreeRTOS/Source/queue.o
                0x0800ae58                xQueueGenericSendFromISR
 .text.xQueueReceive
                0x0800af94      0x1c4 ./Middlewares/Third_Party/FreeRTOS/Source/queue.o
                0x0800af94                xQueueReceive
 .text.prvCopyDataToQueue
                0x0800b158       0xd4 ./Middlewares/Third_Party/FreeRTOS/Source/queue.o
 .text.prvCopyDataFromQueue
                0x0800b22c       0x4c ./Middlewares/Third_Party/FreeRTOS/Source/queue.o
 .text.prvUnlockQueue
                0x0800b278       0xa4 ./Middlewares/Third_Party/FreeRTOS/Source/queue.o
 .text.prvIsQueueEmpty
                0x0800b31c       0x2c ./Middlewares/Third_Party/FreeRTOS/Source/queue.o
 .text.prvIsQueueFull
                0x0800b348       0x30 ./Middlewares/Third_Party/FreeRTOS/Source/queue.o
 .text.vQueueAddToRegistry
                0x0800b378       0x54 ./Middlewares/Third_Party/FreeRTOS/Source/queue.o
                0x0800b378                vQueueAddToRegistry
 .text.vQueueWaitForMessageRestricted
                0x0800b3cc       0x68 ./Middlewares/Third_Party/FreeRTOS/Source/queue.o
                0x0800b3cc                vQueueWaitForMessageRestricted
 .text.xTaskCreateStatic
                0x0800b434       0xc0 ./Middlewares/Third_Party/FreeRTOS/Source/tasks.o
                0x0800b434                xTaskCreateStatic
 .text.xTaskCreate
                0x0800b4f4       0x8a ./Middlewares/Third_Party/FreeRTOS/Source/tasks.o
                0x0800b4f4                xTaskCreate
 *fill*         0x0800b57e        0x2 
 .text.prvInitialiseNewTask
                0x0800b580      0x150 ./Middlewares/Third_Party/FreeRTOS/Source/tasks.o
 .text.prvAddNewTaskToReadyList
                0x0800b6d0       0xe0 ./Middlewares/Third_Party/FreeRTOS/Source/tasks.o
 .text.vTaskDelay
                0x0800b7b0       0x6c ./Middlewares/Third_Party/FreeRTOS/Source/tasks.o
                0x0800b7b0                vTaskDelay
 .text.vTaskSuspend
                0x0800b81c       0xec ./Middlewares/Third_Party/FreeRTOS/Source/tasks.o
                0x0800b81c                vTaskSuspend
 .text.prvTaskIsTaskSuspended
                0x0800b908       0x64 ./Middlewares/Third_Party/FreeRTOS/Source/tasks.o
 .text.vTaskResume
                0x0800b96c       0xc0 ./Middlewares/Third_Party/FreeRTOS/Source/tasks.o
                0x0800b96c                vTaskResume
 .text.vTaskStartScheduler
                0x0800ba2c       0xe0 ./Middlewares/Third_Party/FreeRTOS/Source/tasks.o
                0x0800ba2c                vTaskStartScheduler
 .text.vTaskSuspendAll
                0x0800bb0c       0x1c ./Middlewares/Third_Party/FreeRTOS/Source/tasks.o
                0x0800bb0c                vTaskSuspendAll
 .text.xTaskResumeAll
                0x0800bb28      0x13c ./Middlewares/Third_Party/FreeRTOS/Source/tasks.o
                0x0800bb28                xTaskResumeAll
 .text.xTaskGetTickCount
                0x0800bc64       0x20 ./Middlewares/Third_Party/FreeRTOS/Source/tasks.o
                0x0800bc64                xTaskGetTickCount
 .text.xTaskIncrementTick
                0x0800bc84      0x174 ./Middlewares/Third_Party/FreeRTOS/Source/tasks.o
                0x0800bc84                xTaskIncrementTick
 .text.vTaskSwitchContext
                0x0800bdf8       0xcc ./Middlewares/Third_Party/FreeRTOS/Source/tasks.o
                0x0800bdf8                vTaskSwitchContext
 .text.vTaskPlaceOnEventList
                0x0800bec4       0x4c ./Middlewares/Third_Party/FreeRTOS/Source/tasks.o
                0x0800bec4                vTaskPlaceOnEventList
 .text.vTaskPlaceOnEventListRestricted
                0x0800bf10       0x58 ./Middlewares/Third_Party/FreeRTOS/Source/tasks.o
                0x0800bf10                vTaskPlaceOnEventListRestricted
 .text.xTaskRemoveFromEventList
                0x0800bf68       0xc8 ./Middlewares/Third_Party/FreeRTOS/Source/tasks.o
                0x0800bf68                xTaskRemoveFromEventList
 .text.vTaskInternalSetTimeOutState
                0x0800c030       0x2c ./Middlewares/Third_Party/FreeRTOS/Source/tasks.o
                0x0800c030                vTaskInternalSetTimeOutState
 .text.xTaskCheckForTimeOut
                0x0800c05c       0xc8 ./Middlewares/Third_Party/FreeRTOS/Source/tasks.o
                0x0800c05c                xTaskCheckForTimeOut
 .text.vTaskMissedYield
                0x0800c124       0x18 ./Middlewares/Third_Party/FreeRTOS/Source/tasks.o
                0x0800c124                vTaskMissedYield
 .text.prvIdleTask
                0x0800c13c       0x30 ./Middlewares/Third_Party/FreeRTOS/Source/tasks.o
 .text.prvInitialiseTaskLists
                0x0800c16c       0x80 ./Middlewares/Third_Party/FreeRTOS/Source/tasks.o
 .text.prvCheckTasksWaitingTermination
                0x0800c1ec       0x5c ./Middlewares/Third_Party/FreeRTOS/Source/tasks.o
 .text.prvDeleteTCB
                0x0800c248       0x6a ./Middlewares/Third_Party/FreeRTOS/Source/tasks.o
 *fill*         0x0800c2b2        0x2 
 .text.prvResetNextTaskUnblockTime
                0x0800c2b4       0x40 ./Middlewares/Third_Party/FreeRTOS/Source/tasks.o
 .text.xTaskGetSchedulerState
                0x0800c2f4       0x3c ./Middlewares/Third_Party/FreeRTOS/Source/tasks.o
                0x0800c2f4                xTaskGetSchedulerState
 .text.xTaskPriorityDisinherit
                0x0800c330       0xe0 ./Middlewares/Third_Party/FreeRTOS/Source/tasks.o
                0x0800c330                xTaskPriorityDisinherit
 .text.xTaskNotifyWait
                0x0800c410       0xc0 ./Middlewares/Third_Party/FreeRTOS/Source/tasks.o
                0x0800c410                xTaskNotifyWait
 .text.xTaskGenericNotify
                0x0800c4d0      0x184 ./Middlewares/Third_Party/FreeRTOS/Source/tasks.o
                0x0800c4d0                xTaskGenericNotify
 .text.xTaskGenericNotifyFromISR
                0x0800c654      0x1cc ./Middlewares/Third_Party/FreeRTOS/Source/tasks.o
                0x0800c654                xTaskGenericNotifyFromISR
 .text.prvAddCurrentTaskToDelayedList
                0x0800c820       0xa8 ./Middlewares/Third_Party/FreeRTOS/Source/tasks.o
 .text.xTimerCreateTimerTask
                0x0800c8c8       0x94 ./Middlewares/Third_Party/FreeRTOS/Source/timers.o
                0x0800c8c8                xTimerCreateTimerTask
 .text.xTimerGenericCommand
                0x0800c95c       0x9c ./Middlewares/Third_Party/FreeRTOS/Source/timers.o
                0x0800c95c                xTimerGenericCommand
 .text.prvProcessExpiredTimer
                0x0800c9f8       0x9c ./Middlewares/Third_Party/FreeRTOS/Source/timers.o
 .text.prvTimerTask
                0x0800ca94       0x26 ./Middlewares/Third_Party/FreeRTOS/Source/timers.o
 *fill*         0x0800caba        0x2 
 .text.prvProcessTimerOrBlockTask
                0x0800cabc       0x9c ./Middlewares/Third_Party/FreeRTOS/Source/timers.o
 .text.prvGetNextExpireTime
                0x0800cb58       0x48 ./Middlewares/Third_Party/FreeRTOS/Source/timers.o
 .text.prvSampleTimeNow
                0x0800cba0       0x40 ./Middlewares/Third_Party/FreeRTOS/Source/timers.o
 .text.prvInsertTimerInActiveList
                0x0800cbe0       0x84 ./Middlewares/Third_Party/FreeRTOS/Source/timers.o
 .text.prvProcessReceivedCommands
                0x0800cc64      0x1cc ./Middlewares/Third_Party/FreeRTOS/Source/timers.o
 .text.prvSwitchTimerLists
                0x0800ce30       0xcc ./Middlewares/Third_Party/FreeRTOS/Source/timers.o
 .text.prvCheckForValidListAndQueue
                0x0800cefc       0x80 ./Middlewares/Third_Party/FreeRTOS/Source/timers.o
 .text.pxPortInitialiseStack
                0x0800cf7c       0x68 ./Middlewares/Third_Party/FreeRTOS/Source/portable/GCC/ARM_CM4F/port.o
                0x0800cf7c                pxPortInitialiseStack
 .text.prvTaskExitError
                0x0800cfe4       0x5c ./Middlewares/Third_Party/FreeRTOS/Source/portable/GCC/ARM_CM4F/port.o
 .text.SVC_Handler
                0x0800d040       0x28 ./Middlewares/Third_Party/FreeRTOS/Source/portable/GCC/ARM_CM4F/port.o
                0x0800d040                SVC_Handler
 .text.prvPortStartFirstTask
                0x0800d068       0x28 ./Middlewares/Third_Party/FreeRTOS/Source/portable/GCC/ARM_CM4F/port.o
 .text.xPortStartScheduler
                0x0800d090      0x148 ./Middlewares/Third_Party/FreeRTOS/Source/portable/GCC/ARM_CM4F/port.o
                0x0800d090                xPortStartScheduler
 .text.vPortEnterCritical
                0x0800d1d8       0x64 ./Middlewares/Third_Party/FreeRTOS/Source/portable/GCC/ARM_CM4F/port.o
                0x0800d1d8                vPortEnterCritical
 .text.vPortExitCritical
                0x0800d23c       0x54 ./Middlewares/Third_Party/FreeRTOS/Source/portable/GCC/ARM_CM4F/port.o
                0x0800d23c                vPortExitCritical
 .text.PendSV_Handler
                0x0800d290       0x68 ./Middlewares/Third_Party/FreeRTOS/Source/portable/GCC/ARM_CM4F/port.o
                0x0800d290                PendSV_Handler
 .text.xPortSysTickHandler
                0x0800d2f8       0x44 ./Middlewares/Third_Party/FreeRTOS/Source/portable/GCC/ARM_CM4F/port.o
                0x0800d2f8                xPortSysTickHandler
 .text.vPortSetupTimerInterrupt
                0x0800d33c       0x48 ./Middlewares/Third_Party/FreeRTOS/Source/portable/GCC/ARM_CM4F/port.o
                0x0800d33c                vPortSetupTimerInterrupt
 .text.vPortEnableVFP
                0x0800d384       0x14 ./Middlewares/Third_Party/FreeRTOS/Source/portable/GCC/ARM_CM4F/port.o
 .text.vPortValidateInterruptPriority
                0x0800d398       0x84 ./Middlewares/Third_Party/FreeRTOS/Source/portable/GCC/ARM_CM4F/port.o
                0x0800d398                vPortValidateInterruptPriority
 .text.pvPortMalloc
                0x0800d41c      0x19c ./Middlewares/Third_Party/FreeRTOS/Source/portable/MemMang/heap_4.o
                0x0800d41c                pvPortMalloc
 .text.vPortFree
                0x0800d5b8       0xc8 ./Middlewares/Third_Party/FreeRTOS/Source/portable/MemMang/heap_4.o
                0x0800d5b8                vPortFree
 .text.prvHeapInit
                0x0800d680       0xc4 ./Middlewares/Third_Party/FreeRTOS/Source/portable/MemMang/heap_4.o
 .text.prvInsertBlockIntoFreeList
                0x0800d744       0xb4 ./Middlewares/Third_Party/FreeRTOS/Source/portable/MemMang/heap_4.o
 .text.MX_USB_DEVICE_Init
                0x0800d7f8       0x60 ./USB_DEVICE/App/usb_device.o
                0x0800d7f8                MX_USB_DEVICE_Init
 .text.CDC_Init_FS
                0x0800d858       0x28 ./USB_DEVICE/App/usbd_cdc_if.o
 .text.CDC_DeInit_FS
                0x0800d880       0x10 ./USB_DEVICE/App/usbd_cdc_if.o
 .text.CDC_Control_FS
                0x0800d890       0xbc ./USB_DEVICE/App/usbd_cdc_if.o
 .text.CDC_Receive_FS
                0x0800d94c       0x28 ./USB_DEVICE/App/usbd_cdc_if.o
 .text.CDC_TransmitCplt_FS
                0x0800d974       0x22 ./USB_DEVICE/App/usbd_cdc_if.o
 *fill*         0x0800d996        0x2 
 .text.USBD_FS_DeviceDescriptor
                0x0800d998       0x24 ./USB_DEVICE/App/usbd_desc.o
                0x0800d998                USBD_FS_DeviceDescriptor
 .text.USBD_FS_LangIDStrDescriptor
                0x0800d9bc       0x24 ./USB_DEVICE/App/usbd_desc.o
                0x0800d9bc                USBD_FS_LangIDStrDescriptor
 .text.USBD_FS_ProductStrDescriptor
                0x0800d9e0       0x3c ./USB_DEVICE/App/usbd_desc.o
                0x0800d9e0                USBD_FS_ProductStrDescriptor
 .text.USBD_FS_ManufacturerStrDescriptor
                0x0800da1c       0x28 ./USB_DEVICE/App/usbd_desc.o
                0x0800da1c                USBD_FS_ManufacturerStrDescriptor
 .text.USBD_FS_SerialStrDescriptor
                0x0800da44       0x24 ./USB_DEVICE/App/usbd_desc.o
                0x0800da44                USBD_FS_SerialStrDescriptor
 .text.USBD_FS_ConfigStrDescriptor
                0x0800da68       0x3c ./USB_DEVICE/App/usbd_desc.o
                0x0800da68                USBD_FS_ConfigStrDescriptor
 .text.USBD_FS_InterfaceStrDescriptor
                0x0800daa4       0x3c ./USB_DEVICE/App/usbd_desc.o
                0x0800daa4                USBD_FS_InterfaceStrDescriptor
 .text.Get_SerialNum
                0x0800dae0       0x58 ./USB_DEVICE/App/usbd_desc.o
 .text.IntToUnicode
                0x0800db38       0x7e ./USB_DEVICE/App/usbd_desc.o
 *fill*         0x0800dbb6        0x2 
 .text.HAL_PCD_MspInit
                0x0800dbb8       0xa8 ./USB_DEVICE/Target/usbd_conf.o
                0x0800dbb8                HAL_PCD_MspInit
 .text.HAL_PCD_SetupStageCallback
                0x0800dc60       0x24 ./USB_DEVICE/Target/usbd_conf.o
                0x0800dc60                HAL_PCD_SetupStageCallback
 .text.HAL_PCD_DataOutStageCallback
                0x0800dc84       0x36 ./USB_DEVICE/Target/usbd_conf.o
                0x0800dc84                HAL_PCD_DataOutStageCallback
 .text.HAL_PCD_DataInStageCallback
                0x0800dcba       0x34 ./USB_DEVICE/Target/usbd_conf.o
                0x0800dcba                HAL_PCD_DataInStageCallback
 .text.HAL_PCD_SOFCallback
                0x0800dcee       0x1c ./USB_DEVICE/Target/usbd_conf.o
                0x0800dcee                HAL_PCD_SOFCallback
 .text.HAL_PCD_ResetCallback
                0x0800dd0a       0x3c ./USB_DEVICE/Target/usbd_conf.o
                0x0800dd0a                HAL_PCD_ResetCallback
 *fill*         0x0800dd46        0x2 
 .text.HAL_PCD_SuspendCallback
                0x0800dd48       0x4c ./USB_DEVICE/Target/usbd_conf.o
                0x0800dd48                HAL_PCD_SuspendCallback
 .text.HAL_PCD_ResumeCallback
                0x0800dd94       0x1c ./USB_DEVICE/Target/usbd_conf.o
                0x0800dd94                HAL_PCD_ResumeCallback
 .text.HAL_PCD_ISOOUTIncompleteCallback
                0x0800ddb0       0x24 ./USB_DEVICE/Target/usbd_conf.o
                0x0800ddb0                HAL_PCD_ISOOUTIncompleteCallback
 .text.HAL_PCD_ISOINIncompleteCallback
                0x0800ddd4       0x24 ./USB_DEVICE/Target/usbd_conf.o
                0x0800ddd4                HAL_PCD_ISOINIncompleteCallback
 .text.HAL_PCD_ConnectCallback
                0x0800ddf8       0x1c ./USB_DEVICE/Target/usbd_conf.o
                0x0800ddf8                HAL_PCD_ConnectCallback
 .text.HAL_PCD_DisconnectCallback
                0x0800de14       0x1c ./USB_DEVICE/Target/usbd_conf.o
                0x0800de14                HAL_PCD_DisconnectCallback
 .text.USBD_LL_Init
                0x0800de30       0x98 ./USB_DEVICE/Target/usbd_conf.o
                0x0800de30                USBD_LL_Init
 .text.USBD_LL_Start
                0x0800dec8       0x36 ./USB_DEVICE/Target/usbd_conf.o
                0x0800dec8                USBD_LL_Start
 .text.USBD_LL_OpenEP
                0x0800defe       0x4c ./USB_DEVICE/Target/usbd_conf.o
                0x0800defe                USBD_LL_OpenEP
 .text.USBD_LL_CloseEP
                0x0800df4a       0x3e ./USB_DEVICE/Target/usbd_conf.o
                0x0800df4a                USBD_LL_CloseEP
 .text.USBD_LL_StallEP
                0x0800df88       0x3e ./USB_DEVICE/Target/usbd_conf.o
                0x0800df88                USBD_LL_StallEP
 .text.USBD_LL_ClearStallEP
                0x0800dfc6       0x3e ./USB_DEVICE/Target/usbd_conf.o
                0x0800dfc6                USBD_LL_ClearStallEP
 .text.USBD_LL_IsStallEP
                0x0800e004       0x58 ./USB_DEVICE/Target/usbd_conf.o
                0x0800e004                USBD_LL_IsStallEP
 .text.USBD_LL_SetUSBAddress
                0x0800e05c       0x3e ./USB_DEVICE/Target/usbd_conf.o
                0x0800e05c                USBD_LL_SetUSBAddress
 .text.USBD_LL_Transmit
                0x0800e09a       0x42 ./USB_DEVICE/Target/usbd_conf.o
                0x0800e09a                USBD_LL_Transmit
 .text.USBD_LL_PrepareReceive
                0x0800e0dc       0x42 ./USB_DEVICE/Target/usbd_conf.o
                0x0800e0dc                USBD_LL_PrepareReceive
 .text.USBD_LL_GetRxDataSize
                0x0800e11e       0x26 ./USB_DEVICE/Target/usbd_conf.o
                0x0800e11e                USBD_LL_GetRxDataSize
 .text.USBD_static_malloc
                0x0800e144       0x1c ./USB_DEVICE/Target/usbd_conf.o
                0x0800e144                USBD_static_malloc
 .text.USBD_static_free
                0x0800e160       0x14 ./USB_DEVICE/Target/usbd_conf.o
                0x0800e160                USBD_static_free
 .text.USBD_Get_USB_Status
                0x0800e174       0x58 ./USB_DEVICE/Target/usbd_conf.o
                0x0800e174                USBD_Get_USB_Status
 .text.memset   0x0800e1cc       0x10 C:/ST/STM32CubeIDE_1.15.1/STM32CubeIDE/plugins/com.st.stm32cube.ide.mcu.externaltools.gnu-tools-for-stm32.12.3.rel1.win32_1.0.100.202403111256/tools/bin/../lib/gcc/arm-none-eabi/12.3.1/../../../../arm-none-eabi/lib/thumb/v7e-m+fp/hard\libc_nano.a(libc_a-memset.o)
                0x0800e1cc                memset
 .text._reclaim_reent
                0x0800e1dc       0xac C:/ST/STM32CubeIDE_1.15.1/STM32CubeIDE/plugins/com.st.stm32cube.ide.mcu.externaltools.gnu-tools-for-stm32.12.3.rel1.win32_1.0.100.202403111256/tools/bin/../lib/gcc/arm-none-eabi/12.3.1/../../../../arm-none-eabi/lib/thumb/v7e-m+fp/hard\libc_nano.a(libc_a-reent.o)
                0x0800e1dc                _reclaim_reent
 .text.__errno  0x0800e288        0xc C:/ST/STM32CubeIDE_1.15.1/STM32CubeIDE/plugins/com.st.stm32cube.ide.mcu.externaltools.gnu-tools-for-stm32.12.3.rel1.win32_1.0.100.202403111256/tools/bin/../lib/gcc/arm-none-eabi/12.3.1/../../../../arm-none-eabi/lib/thumb/v7e-m+fp/hard\libc_nano.a(libc_a-errno.o)
                0x0800e288                __errno
 .text.__libc_init_array
                0x0800e294       0x48 C:/ST/STM32CubeIDE_1.15.1/STM32CubeIDE/plugins/com.st.stm32cube.ide.mcu.externaltools.gnu-tools-for-stm32.12.3.rel1.win32_1.0.100.202403111256/tools/bin/../lib/gcc/arm-none-eabi/12.3.1/../../../../arm-none-eabi/lib/thumb/v7e-m+fp/hard\libc_nano.a(libc_a-init.o)
                0x0800e294                __libc_init_array
 .text.__retarget_lock_acquire_recursive
                0x0800e2dc        0x2 C:/ST/STM32CubeIDE_1.15.1/STM32CubeIDE/plugins/com.st.stm32cube.ide.mcu.externaltools.gnu-tools-for-stm32.12.3.rel1.win32_1.0.100.202403111256/tools/bin/../lib/gcc/arm-none-eabi/12.3.1/../../../../arm-none-eabi/lib/thumb/v7e-m+fp/hard\libc_nano.a(libc_a-lock.o)
                0x0800e2dc                __retarget_lock_acquire_recursive
 .text.__retarget_lock_release_recursive
                0x0800e2de        0x2 C:/ST/STM32CubeIDE_1.15.1/STM32CubeIDE/plugins/com.st.stm32cube.ide.mcu.externaltools.gnu-tools-for-stm32.12.3.rel1.win32_1.0.100.202403111256/tools/bin/../lib/gcc/arm-none-eabi/12.3.1/../../../../arm-none-eabi/lib/thumb/v7e-m+fp/hard\libc_nano.a(libc_a-lock.o)
                0x0800e2de                __retarget_lock_release_recursive
 .text.memcpy   0x0800e2e0       0x1c C:/ST/STM32CubeIDE_1.15.1/STM32CubeIDE/plugins/com.st.stm32cube.ide.mcu.externaltools.gnu-tools-for-stm32.12.3.rel1.win32_1.0.100.202403111256/tools/bin/../lib/gcc/arm-none-eabi/12.3.1/../../../../arm-none-eabi/lib/thumb/v7e-m+fp/hard\libc_nano.a(libc_a-memcpy-stub.o)
                0x0800e2e0                memcpy
 .text._free_r  0x0800e2fc       0x94 C:/ST/STM32CubeIDE_1.15.1/STM32CubeIDE/plugins/com.st.stm32cube.ide.mcu.externaltools.gnu-tools-for-stm32.12.3.rel1.win32_1.0.100.202403111256/tools/bin/../lib/gcc/arm-none-eabi/12.3.1/../../../../arm-none-eabi/lib/thumb/v7e-m+fp/hard\libc_nano.a(libc_a-freer.o)
                0x0800e2fc                _free_r
 .text.__malloc_lock
                0x0800e390        0xc C:/ST/STM32CubeIDE_1.15.1/STM32CubeIDE/plugins/com.st.stm32cube.ide.mcu.externaltools.gnu-tools-for-stm32.12.3.rel1.win32_1.0.100.202403111256/tools/bin/../lib/gcc/arm-none-eabi/12.3.1/../../../../arm-none-eabi/lib/thumb/v7e-m+fp/hard\libc_nano.a(libc_a-mlock.o)
                0x0800e390                __malloc_lock
 .text.__malloc_unlock
                0x0800e39c        0xc C:/ST/STM32CubeIDE_1.15.1/STM32CubeIDE/plugins/com.st.stm32cube.ide.mcu.externaltools.gnu-tools-for-stm32.12.3.rel1.win32_1.0.100.202403111256/tools/bin/../lib/gcc/arm-none-eabi/12.3.1/../../../../arm-none-eabi/lib/thumb/v7e-m+fp/hard\libc_nano.a(libc_a-mlock.o)
                0x0800e39c                __malloc_unlock
 .text.atan2    0x0800e3a8        0x4 C:/ST/STM32CubeIDE_1.15.1/STM32CubeIDE/plugins/com.st.stm32cube.ide.mcu.externaltools.gnu-tools-for-stm32.12.3.rel1.win32_1.0.100.202403111256/tools/bin/../lib/gcc/arm-none-eabi/12.3.1/../../../../arm-none-eabi/lib/thumb/v7e-m+fp/hard\libm.a(libm_a-w_atan2.o)
                0x0800e3a8                atan2
 .text.pow      0x0800e3ac       0xe0 C:/ST/STM32CubeIDE_1.15.1/STM32CubeIDE/plugins/com.st.stm32cube.ide.mcu.externaltools.gnu-tools-for-stm32.12.3.rel1.win32_1.0.100.202403111256/tools/bin/../lib/gcc/arm-none-eabi/12.3.1/../../../../arm-none-eabi/lib/thumb/v7e-m+fp/hard\libm.a(libm_a-w_pow.o)
                0x0800e3ac                pow
 .text.sqrt     0x0800e48c       0x58 C:/ST/STM32CubeIDE_1.15.1/STM32CubeIDE/plugins/com.st.stm32cube.ide.mcu.externaltools.gnu-tools-for-stm32.12.3.rel1.win32_1.0.100.202403111256/tools/bin/../lib/gcc/arm-none-eabi/12.3.1/../../../../arm-none-eabi/lib/thumb/v7e-m+fp/hard\libm.a(libm_a-w_sqrt.o)
                0x0800e48c                sqrt
 *fill*         0x0800e4e4        0x4 
 .text.cos      0x0800e4e8       0xa8 C:/ST/STM32CubeIDE_1.15.1/STM32CubeIDE/plugins/com.st.stm32cube.ide.mcu.externaltools.gnu-tools-for-stm32.12.3.rel1.win32_1.0.100.202403111256/tools/bin/../lib/gcc/arm-none-eabi/12.3.1/../../../../arm-none-eabi/lib/thumb/v7e-m+fp/hard\libm.a(libm_a-s_cos.o)
                0x0800e4e8                cos
 .text.sin      0x0800e590       0xa8 C:/ST/STM32CubeIDE_1.15.1/STM32CubeIDE/plugins/com.st.stm32cube.ide.mcu.externaltools.gnu-tools-for-stm32.12.3.rel1.win32_1.0.100.202403111256/tools/bin/../lib/gcc/arm-none-eabi/12.3.1/../../../../arm-none-eabi/lib/thumb/v7e-m+fp/hard\libm.a(libm_a-s_sin.o)
                0x0800e590                sin
 .text.finite   0x0800e638       0x16 C:/ST/STM32CubeIDE_1.15.1/STM32CubeIDE/plugins/com.st.stm32cube.ide.mcu.externaltools.gnu-tools-for-stm32.12.3.rel1.win32_1.0.100.202403111256/tools/bin/../lib/gcc/arm-none-eabi/12.3.1/../../../../arm-none-eabi/lib/thumb/v7e-m+fp/hard\libm.a(libm_a-s_finite.o)
                0x0800e638                finite
 *fill*         0x0800e64e        0x2 
 .text.__ieee754_sqrt
                0x0800e650      0x1b4 C:/ST/STM32CubeIDE_1.15.1/STM32CubeIDE/plugins/com.st.stm32cube.ide.mcu.externaltools.gnu-tools-for-stm32.12.3.rel1.win32_1.0.100.202403111256/tools/bin/../lib/gcc/arm-none-eabi/12.3.1/../../../../arm-none-eabi/lib/thumb/v7e-m+fp/hard\libm.a(libm_a-e_sqrt.o)
                0x0800e650                __ieee754_sqrt
 *fill*         0x0800e804        0x4 
 .text.__kernel_cos
                0x0800e808      0x18c C:/ST/STM32CubeIDE_1.15.1/STM32CubeIDE/plugins/com.st.stm32cube.ide.mcu.externaltools.gnu-tools-for-stm32.12.3.rel1.win32_1.0.100.202403111256/tools/bin/../lib/gcc/arm-none-eabi/12.3.1/../../../../arm-none-eabi/lib/thumb/v7e-m+fp/hard\libm.a(libm_a-k_cos.o)
                0x0800e808                __kernel_cos
 *fill*         0x0800e994        0x4 
 .text.__kernel_sin
                0x0800e998      0x174 C:/ST/STM32CubeIDE_1.15.1/STM32CubeIDE/plugins/com.st.stm32cube.ide.mcu.externaltools.gnu-tools-for-stm32.12.3.rel1.win32_1.0.100.202403111256/tools/bin/../lib/gcc/arm-none-eabi/12.3.1/../../../../arm-none-eabi/lib/thumb/v7e-m+fp/hard\libm.a(libm_a-k_sin.o)
                0x0800e998                __kernel_sin
 *fill*         0x0800eb0c        0x4 
 .text.__ieee754_atan2
                0x0800eb10      0x18c C:/ST/STM32CubeIDE_1.15.1/STM32CubeIDE/plugins/com.st.stm32cube.ide.mcu.externaltools.gnu-tools-for-stm32.12.3.rel1.win32_1.0.100.202403111256/tools/bin/../lib/gcc/arm-none-eabi/12.3.1/../../../../arm-none-eabi/lib/thumb/v7e-m+fp/hard\libm.a(libm_a-e_atan2.o)
                0x0800eb10                __ieee754_atan2
 *fill*         0x0800ec9c        0x4 
 .text.__ieee754_pow
                0x0800eca0      0xa88 C:/ST/STM32CubeIDE_1.15.1/STM32CubeIDE/plugins/com.st.stm32cube.ide.mcu.externaltools.gnu-tools-for-stm32.12.3.rel1.win32_1.0.100.202403111256/tools/bin/../lib/gcc/arm-none-eabi/12.3.1/../../../../arm-none-eabi/lib/thumb/v7e-m+fp/hard\libm.a(libm_a-e_pow.o)
                0x0800eca0                __ieee754_pow
 .text.__ieee754_rem_pio2
                0x0800f728      0x3f8 C:/ST/STM32CubeIDE_1.15.1/STM32CubeIDE/plugins/com.st.stm32cube.ide.mcu.externaltools.gnu-tools-for-stm32.12.3.rel1.win32_1.0.100.202403111256/tools/bin/../lib/gcc/arm-none-eabi/12.3.1/../../../../arm-none-eabi/lib/thumb/v7e-m+fp/hard\libm.a(libm_a-e_rem_pio2.o)
                0x0800f728                __ieee754_rem_pio2
 .text.atan     0x0800fb20      0x330 C:/ST/STM32CubeIDE_1.15.1/STM32CubeIDE/plugins/com.st.stm32cube.ide.mcu.externaltools.gnu-tools-for-stm32.12.3.rel1.win32_1.0.100.202403111256/tools/bin/../lib/gcc/arm-none-eabi/12.3.1/../../../../arm-none-eabi/lib/thumb/v7e-m+fp/hard\libm.a(libm_a-s_atan.o)
                0x0800fb20                atan
 .text.fabs     0x0800fe50       0x10 C:/ST/STM32CubeIDE_1.15.1/STM32CubeIDE/plugins/com.st.stm32cube.ide.mcu.externaltools.gnu-tools-for-stm32.12.3.rel1.win32_1.0.100.202403111256/tools/bin/../lib/gcc/arm-none-eabi/12.3.1/../../../../arm-none-eabi/lib/thumb/v7e-m+fp/hard\libm.a(libm_a-s_fabs.o)
                0x0800fe50                fabs
 .text.scalbn   0x0800fe60       0xfc C:/ST/STM32CubeIDE_1.15.1/STM32CubeIDE/plugins/com.st.stm32cube.ide.mcu.externaltools.gnu-tools-for-stm32.12.3.rel1.win32_1.0.100.202403111256/tools/bin/../lib/gcc/arm-none-eabi/12.3.1/../../../../arm-none-eabi/lib/thumb/v7e-m+fp/hard\libm.a(libm_a-s_scalbn.o)
                0x0800fe60                scalbn
 .text.with_errno
                0x0800ff5c       0x24 C:/ST/STM32CubeIDE_1.15.1/STM32CubeIDE/plugins/com.st.stm32cube.ide.mcu.externaltools.gnu-tools-for-stm32.12.3.rel1.win32_1.0.100.202403111256/tools/bin/../lib/gcc/arm-none-eabi/12.3.1/../../../../arm-none-eabi/lib/thumb/v7e-m+fp/hard\libm.a(libm_a-math_err.o)
 .text.xflow    0x0800ff80       0x32 C:/ST/STM32CubeIDE_1.15.1/STM32CubeIDE/plugins/com.st.stm32cube.ide.mcu.externaltools.gnu-tools-for-stm32.12.3.rel1.win32_1.0.100.202403111256/tools/bin/../lib/gcc/arm-none-eabi/12.3.1/../../../../arm-none-eabi/lib/thumb/v7e-m+fp/hard\libm.a(libm_a-math_err.o)
 *fill*         0x0800ffb2        0x6 
 .text.__math_uflow
                0x0800ffb8       0x10 C:/ST/STM32CubeIDE_1.15.1/STM32CubeIDE/plugins/com.st.stm32cube.ide.mcu.externaltools.gnu-tools-for-stm32.12.3.rel1.win32_1.0.100.202403111256/tools/bin/../lib/gcc/arm-none-eabi/12.3.1/../../../../arm-none-eabi/lib/thumb/v7e-m+fp/hard\libm.a(libm_a-math_err.o)
                0x0800ffb8                __math_uflow
 .text.__math_oflow
                0x0800ffc8       0x10 C:/ST/STM32CubeIDE_1.15.1/STM32CubeIDE/plugins/com.st.stm32cube.ide.mcu.externaltools.gnu-tools-for-stm32.12.3.rel1.win32_1.0.100.202403111256/tools/bin/../lib/gcc/arm-none-eabi/12.3.1/../../../../arm-none-eabi/lib/thumb/v7e-m+fp/hard\libm.a(libm_a-math_err.o)
                0x0800ffc8                __math_oflow
 .text.__kernel_rem_pio2
                0x0800ffd8      0x6b0 C:/ST/STM32CubeIDE_1.15.1/STM32CubeIDE/plugins/com.st.stm32cube.ide.mcu.externaltools.gnu-tools-for-stm32.12.3.rel1.win32_1.0.100.202403111256/tools/bin/../lib/gcc/arm-none-eabi/12.3.1/../../../../arm-none-eabi/lib/thumb/v7e-m+fp/hard\libm.a(libm_a-k_rem_pio2.o)
                0x0800ffd8                __kernel_rem_pio2
 .text.floor    0x08010688       0xf8 C:/ST/STM32CubeIDE_1.15.1/STM32CubeIDE/plugins/com.st.stm32cube.ide.mcu.externaltools.gnu-tools-for-stm32.12.3.rel1.win32_1.0.100.202403111256/tools/bin/../lib/gcc/arm-none-eabi/12.3.1/../../../../arm-none-eabi/lib/thumb/v7e-m+fp/hard\libm.a(libm_a-s_floor.o)
                0x08010688                floor
 *(.glue_7)
 .glue_7        0x08010780        0x0 linker stubs
 *(.glue_7t)
 .glue_7t       0x08010780        0x0 linker stubs
 *(.eh_frame)
 .eh_frame      0x08010780        0x0 C:/ST/STM32CubeIDE_1.15.1/STM32CubeIDE/plugins/com.st.stm32cube.ide.mcu.externaltools.gnu-tools-for-stm32.12.3.rel1.win32_1.0.100.202403111256/tools/bin/../lib/gcc/arm-none-eabi/12.3.1/thumb/v7e-m+fp/hard/crtbegin.o
 *(.init)
 .init          0x08010780        0x4 C:/ST/STM32CubeIDE_1.15.1/STM32CubeIDE/plugins/com.st.stm32cube.ide.mcu.externaltools.gnu-tools-for-stm32.12.3.rel1.win32_1.0.100.202403111256/tools/bin/../lib/gcc/arm-none-eabi/12.3.1/thumb/v7e-m+fp/hard/crti.o
                0x08010780                _init
 .init          0x08010784        0x8 C:/ST/STM32CubeIDE_1.15.1/STM32CubeIDE/plugins/com.st.stm32cube.ide.mcu.externaltools.gnu-tools-for-stm32.12.3.rel1.win32_1.0.100.202403111256/tools/bin/../lib/gcc/arm-none-eabi/12.3.1/thumb/v7e-m+fp/hard/crtn.o
 *(.fini)
 .fini          0x0801078c        0x4 C:/ST/STM32CubeIDE_1.15.1/STM32CubeIDE/plugins/com.st.stm32cube.ide.mcu.externaltools.gnu-tools-for-stm32.12.3.rel1.win32_1.0.100.202403111256/tools/bin/../lib/gcc/arm-none-eabi/12.3.1/thumb/v7e-m+fp/hard/crti.o
                0x0801078c                _fini
 .fini          0x08010790        0x8 C:/ST/STM32CubeIDE_1.15.1/STM32CubeIDE/plugins/com.st.stm32cube.ide.mcu.externaltools.gnu-tools-for-stm32.12.3.rel1.win32_1.0.100.202403111256/tools/bin/../lib/gcc/arm-none-eabi/12.3.1/thumb/v7e-m+fp/hard/crtn.o
                0x08010798                        . = ALIGN (0x4)
                0x08010798                        _etext = .

.vfp11_veneer   0x08010798        0x0
 .vfp11_veneer  0x08010798        0x0 linker stubs

.v4_bx          0x08010798        0x0
 .v4_bx         0x08010798        0x0 linker stubs

.iplt           0x08010798        0x0
 .iplt          0x08010798        0x0 C:/ST/STM32CubeIDE_1.15.1/STM32CubeIDE/plugins/com.st.stm32cube.ide.mcu.externaltools.gnu-tools-for-stm32.12.3.rel1.win32_1.0.100.202403111256/tools/bin/../lib/gcc/arm-none-eabi/12.3.1/thumb/v7e-m+fp/hard/crtbegin.o

.rodata         0x08010798      0x490
                0x08010798                        . = ALIGN (0x4)
 *(.rodata)
 .rodata        0x08010798       0x75 ./Core/Src/main.o
 *fill*         0x0801080d        0x3 
 .rodata        0x08010810        0x5 ./Middlewares/Third_Party/FreeRTOS/Source/tasks.o
 *fill*         0x08010815        0x3 
 .rodata        0x08010818        0xd ./Middlewares/Third_Party/FreeRTOS/Source/timers.o
 *fill*         0x08010825        0x3 
 .rodata        0x08010828       0x46 ./USB_DEVICE/App/usbd_desc.o
 *(.rodata*)
 *fill*         0x0801086e        0x2 
 .rodata.defaultTask_attributes
                0x08010870       0x24 ./Core/Src/main.o
                0x08010870                defaultTask_attributes
 .rodata.encoder_control_attributes
                0x08010894       0x24 ./Core/Src/main.o
                0x08010894                encoder_control_attributes
 .rodata.odometry_math_attributes
                0x080108b8       0x24 ./Core/Src/main.o
                0x080108b8                odometry_math_attributes
 .rodata.preempt_mission_attributes
                0x080108dc       0x24 ./Core/Src/main.o
                0x080108dc                preempt_mission_attributes
 .rodata.symple_command_attributes
                0x08010900       0x24 ./Core/Src/main.o
                0x08010900                symple_command_attributes
 .rodata.goto_coordenate_attributes
                0x08010924       0x24 ./Core/Src/main.o
                0x08010924                goto_coordenate_attributes
 .rodata.goto_angle_attributes
                0x08010948       0x24 ./Core/Src/main.o
                0x08010948                goto_angle_attributes
 .rodata.move_attributes
                0x0801096c       0x10 ./Core/Src/main.o
                0x0801096c                move_attributes
 .rodata.turn_attributes
                0x0801097c       0x10 ./Core/Src/main.o
                0x0801097c                turn_attributes
 .rodata.AHBPrescTable
                0x0801098c       0x10 ./Core/Src/system_stm32f4xx.o
                0x0801098c                AHBPrescTable
 .rodata.APBPrescTable
                0x0801099c        0x8 ./Core/Src/system_stm32f4xx.o
                0x0801099c                APBPrescTable
 .rodata.flagBitshiftOffset.0
                0x080109a4        0x8 ./Drivers/STM32F4xx_HAL_Driver/Src/stm32f4xx_hal_dma.o
 *fill*         0x080109ac        0x4 
 .rodata.CSWTCH.9
                0x080109b0       0x18 C:/ST/STM32CubeIDE_1.15.1/STM32CubeIDE/plugins/com.st.stm32cube.ide.mcu.externaltools.gnu-tools-for-stm32.12.3.rel1.win32_1.0.100.202403111256/tools/bin/../lib/gcc/arm-none-eabi/12.3.1/../../../../arm-none-eabi/lib/thumb/v7e-m+fp/hard\libm.a(libm_a-e_atan2.o)
 .rodata.CSWTCH.8
                0x080109c8       0x18 C:/ST/STM32CubeIDE_1.15.1/STM32CubeIDE/plugins/com.st.stm32cube.ide.mcu.externaltools.gnu-tools-for-stm32.12.3.rel1.win32_1.0.100.202403111256/tools/bin/../lib/gcc/arm-none-eabi/12.3.1/../../../../arm-none-eabi/lib/thumb/v7e-m+fp/hard\libm.a(libm_a-e_atan2.o)
 .rodata.dp_l   0x080109e0       0x10 C:/ST/STM32CubeIDE_1.15.1/STM32CubeIDE/plugins/com.st.stm32cube.ide.mcu.externaltools.gnu-tools-for-stm32.12.3.rel1.win32_1.0.100.202403111256/tools/bin/../lib/gcc/arm-none-eabi/12.3.1/../../../../arm-none-eabi/lib/thumb/v7e-m+fp/hard\libm.a(libm_a-e_pow.o)
 .rodata.dp_h   0x080109f0       0x10 C:/ST/STM32CubeIDE_1.15.1/STM32CubeIDE/plugins/com.st.stm32cube.ide.mcu.externaltools.gnu-tools-for-stm32.12.3.rel1.win32_1.0.100.202403111256/tools/bin/../lib/gcc/arm-none-eabi/12.3.1/../../../../arm-none-eabi/lib/thumb/v7e-m+fp/hard\libm.a(libm_a-e_pow.o)
 .rodata.bp     0x08010a00       0x10 C:/ST/STM32CubeIDE_1.15.1/STM32CubeIDE/plugins/com.st.stm32cube.ide.mcu.externaltools.gnu-tools-for-stm32.12.3.rel1.win32_1.0.100.202403111256/tools/bin/../lib/gcc/arm-none-eabi/12.3.1/../../../../arm-none-eabi/lib/thumb/v7e-m+fp/hard\libm.a(libm_a-e_pow.o)
 .rodata.npio2_hw
                0x08010a10       0x80 C:/ST/STM32CubeIDE_1.15.1/STM32CubeIDE/plugins/com.st.stm32cube.ide.mcu.externaltools.gnu-tools-for-stm32.12.3.rel1.win32_1.0.100.202403111256/tools/bin/../lib/gcc/arm-none-eabi/12.3.1/../../../../arm-none-eabi/lib/thumb/v7e-m+fp/hard\libm.a(libm_a-e_rem_pio2.o)
 .rodata.two_over_pi
                0x08010a90      0x108 C:/ST/STM32CubeIDE_1.15.1/STM32CubeIDE/plugins/com.st.stm32cube.ide.mcu.externaltools.gnu-tools-for-stm32.12.3.rel1.win32_1.0.100.202403111256/tools/bin/../lib/gcc/arm-none-eabi/12.3.1/../../../../arm-none-eabi/lib/thumb/v7e-m+fp/hard\libm.a(libm_a-e_rem_pio2.o)
 .rodata.atanlo
                0x08010b98       0x20 C:/ST/STM32CubeIDE_1.15.1/STM32CubeIDE/plugins/com.st.stm32cube.ide.mcu.externaltools.gnu-tools-for-stm32.12.3.rel1.win32_1.0.100.202403111256/tools/bin/../lib/gcc/arm-none-eabi/12.3.1/../../../../arm-none-eabi/lib/thumb/v7e-m+fp/hard\libm.a(libm_a-s_atan.o)
 .rodata.atanhi
                0x08010bb8       0x20 C:/ST/STM32CubeIDE_1.15.1/STM32CubeIDE/plugins/com.st.stm32cube.ide.mcu.externaltools.gnu-tools-for-stm32.12.3.rel1.win32_1.0.100.202403111256/tools/bin/../lib/gcc/arm-none-eabi/12.3.1/../../../../arm-none-eabi/lib/thumb/v7e-m+fp/hard\libm.a(libm_a-s_atan.o)
 .rodata.PIo2   0x08010bd8       0x40 C:/ST/STM32CubeIDE_1.15.1/STM32CubeIDE/plugins/com.st.stm32cube.ide.mcu.externaltools.gnu-tools-for-stm32.12.3.rel1.win32_1.0.100.202403111256/tools/bin/../lib/gcc/arm-none-eabi/12.3.1/../../../../arm-none-eabi/lib/thumb/v7e-m+fp/hard\libm.a(libm_a-k_rem_pio2.o)
 .rodata.init_jk
                0x08010c18       0x10 C:/ST/STM32CubeIDE_1.15.1/STM32CubeIDE/plugins/com.st.stm32cube.ide.mcu.externaltools.gnu-tools-for-stm32.12.3.rel1.win32_1.0.100.202403111256/tools/bin/../lib/gcc/arm-none-eabi/12.3.1/../../../../arm-none-eabi/lib/thumb/v7e-m+fp/hard\libm.a(libm_a-k_rem_pio2.o)
                0x08010c28                        . = ALIGN (0x4)

.ARM.extab      0x08010c28        0x0
                0x08010c28                        . = ALIGN (0x4)
 *(.ARM.extab* .gnu.linkonce.armextab.*)
                0x08010c28                        . = ALIGN (0x4)

.ARM            0x08010c28        0x8
                0x08010c28                        . = ALIGN (0x4)
                0x08010c28                        __exidx_start = .
 *(.ARM.exidx*)
 .ARM.exidx     0x08010c28        0x8 C:/ST/STM32CubeIDE_1.15.1/STM32CubeIDE/plugins/com.st.stm32cube.ide.mcu.externaltools.gnu-tools-for-stm32.12.3.rel1.win32_1.0.100.202403111256/tools/bin/../lib/gcc/arm-none-eabi/12.3.1/thumb/v7e-m+fp/hard\libgcc.a(_udivmoddi4.o)
                0x08010c30                        __exidx_end = .
                0x08010c30                        . = ALIGN (0x4)

.preinit_array  0x08010c30        0x0
                0x08010c30                        . = ALIGN (0x4)
                0x08010c30                        PROVIDE (__preinit_array_start = .)
 *(.preinit_array*)
                0x08010c30                        PROVIDE (__preinit_array_end = .)
                0x08010c30                        . = ALIGN (0x4)

.init_array     0x08010c30        0x4
                0x08010c30                        . = ALIGN (0x4)
                0x08010c30                        PROVIDE (__init_array_start = .)
 *(SORT_BY_NAME(.init_array.*))
 *(.init_array*)
 .init_array    0x08010c30        0x4 C:/ST/STM32CubeIDE_1.15.1/STM32CubeIDE/plugins/com.st.stm32cube.ide.mcu.externaltools.gnu-tools-for-stm32.12.3.rel1.win32_1.0.100.202403111256/tools/bin/../lib/gcc/arm-none-eabi/12.3.1/thumb/v7e-m+fp/hard/crtbegin.o
                0x08010c34                        PROVIDE (__init_array_end = .)
                0x08010c34                        . = ALIGN (0x4)

.fini_array     0x08010c34        0x4
                0x08010c34                        . = ALIGN (0x4)
                [!provide]                        PROVIDE (__fini_array_start = .)
 *(SORT_BY_NAME(.fini_array.*))
 *(.fini_array*)
 .fini_array    0x08010c34        0x4 C:/ST/STM32CubeIDE_1.15.1/STM32CubeIDE/plugins/com.st.stm32cube.ide.mcu.externaltools.gnu-tools-for-stm32.12.3.rel1.win32_1.0.100.202403111256/tools/bin/../lib/gcc/arm-none-eabi/12.3.1/thumb/v7e-m+fp/hard/crtbegin.o
                [!provide]                        PROVIDE (__fini_array_end = .)
                0x08010c38                        . = ALIGN (0x4)
                0x08010c38                        _sidata = LOADADDR (.data)

.rel.dyn        0x08010c38        0x0
 .rel.iplt      0x08010c38        0x0 C:/ST/STM32CubeIDE_1.15.1/STM32CubeIDE/plugins/com.st.stm32cube.ide.mcu.externaltools.gnu-tools-for-stm32.12.3.rel1.win32_1.0.100.202403111256/tools/bin/../lib/gcc/arm-none-eabi/12.3.1/thumb/v7e-m+fp/hard/crtbegin.o

.data           0x20000000      0x168 load address 0x08010c38
                0x20000000                        . = ALIGN (0x4)
                0x20000000                        _sdata = .
 *(.data)
 *(.data*)
 .data.ESP_mission
                0x20000000        0x1 ./Core/Src/main.o
                0x20000000                ESP_mission
 *fill*         0x20000001        0x3 
 .data.SystemCoreClock
                0x20000004        0x4 ./Core/Src/system_stm32f4xx.o
                0x20000004                SystemCoreClock
 .data.uwTickPrio
                0x20000008        0x4 ./Drivers/STM32F4xx_HAL_Driver/Src/stm32f4xx_hal.o
                0x20000008                uwTickPrio
 .data.uwTickFreq
                0x2000000c        0x1 ./Drivers/STM32F4xx_HAL_Driver/Src/stm32f4xx_hal.o
                0x2000000c                uwTickFreq
 *fill*         0x2000000d        0x3 
 .data.USBD_CDC_DeviceQualifierDesc
                0x20000010        0xa ./Middlewares/ST/STM32_USB_Device_Library/Class/CDC/Src/usbd_cdc.o
 *fill*         0x2000001a        0x2 
 .data.USBD_CDC